Archive member included to satisfy reference by file (symbol)

c:/st/stm32cubeide_1.8.0/stm32cubeide/plugins/com.st.stm32cube.ide.mcu.externaltools.gnu-tools-for-stm32.9-2020-q2-update.win32_2.0.0.202105311346/tools/bin/../lib/gcc/arm-none-eabi/9.3.1/../../../../arm-none-eabi/lib/thumb/v7e-m+fp/hard\libc_nano.a(lib_a-errno.o)
                              ./Core/Src/syscalls.o (__errno)
c:/st/stm32cubeide_1.8.0/stm32cubeide/plugins/com.st.stm32cube.ide.mcu.externaltools.gnu-tools-for-stm32.9-2020-q2-update.win32_2.0.0.202105311346/tools/bin/../lib/gcc/arm-none-eabi/9.3.1/../../../../arm-none-eabi/lib/thumb/v7e-m+fp/hard\libc_nano.a(lib_a-exit.o)
                              c:/st/stm32cubeide_1.8.0/stm32cubeide/plugins/com.st.stm32cube.ide.mcu.externaltools.gnu-tools-for-stm32.9-2020-q2-update.win32_2.0.0.202105311346/tools/bin/../lib/gcc/arm-none-eabi/9.3.1/../../../../arm-none-eabi/lib/thumb/v7e-m+fp/hard/crt0.o (exit)
c:/st/stm32cubeide_1.8.0/stm32cubeide/plugins/com.st.stm32cube.ide.mcu.externaltools.gnu-tools-for-stm32.9-2020-q2-update.win32_2.0.0.202105311346/tools/bin/../lib/gcc/arm-none-eabi/9.3.1/../../../../arm-none-eabi/lib/thumb/v7e-m+fp/hard\libc_nano.a(lib_a-impure.o)
                              c:/st/stm32cubeide_1.8.0/stm32cubeide/plugins/com.st.stm32cube.ide.mcu.externaltools.gnu-tools-for-stm32.9-2020-q2-update.win32_2.0.0.202105311346/tools/bin/../lib/gcc/arm-none-eabi/9.3.1/../../../../arm-none-eabi/lib/thumb/v7e-m+fp/hard\libc_nano.a(lib_a-exit.o) (_global_impure_ptr)
c:/st/stm32cubeide_1.8.0/stm32cubeide/plugins/com.st.stm32cube.ide.mcu.externaltools.gnu-tools-for-stm32.9-2020-q2-update.win32_2.0.0.202105311346/tools/bin/../lib/gcc/arm-none-eabi/9.3.1/../../../../arm-none-eabi/lib/thumb/v7e-m+fp/hard\libc_nano.a(lib_a-init.o)
                              c:/st/stm32cubeide_1.8.0/stm32cubeide/plugins/com.st.stm32cube.ide.mcu.externaltools.gnu-tools-for-stm32.9-2020-q2-update.win32_2.0.0.202105311346/tools/bin/../lib/gcc/arm-none-eabi/9.3.1/../../../../arm-none-eabi/lib/thumb/v7e-m+fp/hard/crt0.o (__libc_init_array)
c:/st/stm32cubeide_1.8.0/stm32cubeide/plugins/com.st.stm32cube.ide.mcu.externaltools.gnu-tools-for-stm32.9-2020-q2-update.win32_2.0.0.202105311346/tools/bin/../lib/gcc/arm-none-eabi/9.3.1/../../../../arm-none-eabi/lib/thumb/v7e-m+fp/hard\libc_nano.a(lib_a-memcpy-stub.o)
                              ./Core/Src/TMP_i2c.o (memcpy)
c:/st/stm32cubeide_1.8.0/stm32cubeide/plugins/com.st.stm32cube.ide.mcu.externaltools.gnu-tools-for-stm32.9-2020-q2-update.win32_2.0.0.202105311346/tools/bin/../lib/gcc/arm-none-eabi/9.3.1/../../../../arm-none-eabi/lib/thumb/v7e-m+fp/hard\libc_nano.a(lib_a-memset.o)
                              c:/st/stm32cubeide_1.8.0/stm32cubeide/plugins/com.st.stm32cube.ide.mcu.externaltools.gnu-tools-for-stm32.9-2020-q2-update.win32_2.0.0.202105311346/tools/bin/../lib/gcc/arm-none-eabi/9.3.1/../../../../arm-none-eabi/lib/thumb/v7e-m+fp/hard/crt0.o (memset)
c:/st/stm32cubeide_1.8.0/stm32cubeide/plugins/com.st.stm32cube.ide.mcu.externaltools.gnu-tools-for-stm32.9-2020-q2-update.win32_2.0.0.202105311346/tools/bin/../lib/gcc/arm-none-eabi/9.3.1/../../../../arm-none-eabi/lib/thumb/v7e-m+fp/hard\libc_nano.a(lib_a-sprintf.o)
                              ./Core/Src/outils.o (sprintf)
c:/st/stm32cubeide_1.8.0/stm32cubeide/plugins/com.st.stm32cube.ide.mcu.externaltools.gnu-tools-for-stm32.9-2020-q2-update.win32_2.0.0.202105311346/tools/bin/../lib/gcc/arm-none-eabi/9.3.1/../../../../arm-none-eabi/lib/thumb/v7e-m+fp/hard\libc_nano.a(lib_a-nano-svfprintf.o)
                              c:/st/stm32cubeide_1.8.0/stm32cubeide/plugins/com.st.stm32cube.ide.mcu.externaltools.gnu-tools-for-stm32.9-2020-q2-update.win32_2.0.0.202105311346/tools/bin/../lib/gcc/arm-none-eabi/9.3.1/../../../../arm-none-eabi/lib/thumb/v7e-m+fp/hard\libc_nano.a(lib_a-sprintf.o) (_svfprintf_r)
c:/st/stm32cubeide_1.8.0/stm32cubeide/plugins/com.st.stm32cube.ide.mcu.externaltools.gnu-tools-for-stm32.9-2020-q2-update.win32_2.0.0.202105311346/tools/bin/../lib/gcc/arm-none-eabi/9.3.1/../../../../arm-none-eabi/lib/thumb/v7e-m+fp/hard\libc_nano.a(lib_a-nano-vfprintf_i.o)
                              c:/st/stm32cubeide_1.8.0/stm32cubeide/plugins/com.st.stm32cube.ide.mcu.externaltools.gnu-tools-for-stm32.9-2020-q2-update.win32_2.0.0.202105311346/tools/bin/../lib/gcc/arm-none-eabi/9.3.1/../../../../arm-none-eabi/lib/thumb/v7e-m+fp/hard\libc_nano.a(lib_a-nano-svfprintf.o) (_printf_i)
c:/st/stm32cubeide_1.8.0/stm32cubeide/plugins/com.st.stm32cube.ide.mcu.externaltools.gnu-tools-for-stm32.9-2020-q2-update.win32_2.0.0.202105311346/tools/bin/../lib/gcc/arm-none-eabi/9.3.1/../../../../arm-none-eabi/lib/thumb/v7e-m+fp/hard\libc_nano.a(lib_a-memchr.o)
[...]
Memory Configuration

Name             Origin             Length             Attributes
RAM              0x0000000020000000 0x0000000000018000 xrw
RAM2             0x0000000010000000 0x0000000000008000 xrw
FLASH            0x0000000008000000 0x0000000000100000 xr
*default*        0x0000000000000000 0xffffffffffffffff

Linker script and memory map

LOAD c:/st/stm32cubeide_1.8.0/stm32cubeide/plugins/com.st.stm32cube.ide.mcu.externaltools.gnu-tools-for-stm32.9-2020-q2-update.win32_2.0.0.202105311346/tools/bin/../lib/gcc/arm-none-eabi/9.3.1/thumb/v7e-m+fp/hard/crti.o
LOAD c:/st/stm32cubeide_1.8.0/stm32cubeide/plugins/com.st.stm32cube.ide.mcu.externaltools.gnu-tools-for-stm32.9-2020-q2-update.win32_2.0.0.202105311346/tools/bin/../lib/gcc/arm-none-eabi/9.3.1/thumb/v7e-m+fp/hard/crtbegin.o
LOAD c:/st/stm32cubeide_1.8.0/stm32cubeide/plugins/com.st.stm32cube.ide.mcu.externaltools.gnu-tools-for-stm32.9-2020-q2-update.win32_2.0.0.202105311346/tools/bin/../lib/gcc/arm-none-eabi/9.3.1/../../../../arm-none-eabi/lib/thumb/v7e-m+fp/hard/crt0.o
LOAD ./Core/Src/HT.o
LOAD ./Core/Src/LCD.o
LOAD ./Core/Src/TMP_i2c.o
LOAD ./Core/Src/caracter.o
LOAD ./Core/Src/gpio.o
LOAD ./Core/Src/i2c.o
LOAD ./Core/Src/main.o
LOAD ./Core/Src/outils.o
LOAD ./Core/Src/stm32l4xx_hal_msp.o
LOAD ./Core/Src/stm32l4xx_it.o
LOAD ./Core/Src/syscalls.o
LOAD ./Core/Src/sysmem.o
LOAD ./Core/Src/system_stm32l4xx.o
LOAD ./Core/Src/tim.o
LOAD ./Core/Src/timer.o
LOAD ./Core/Src/usart.o
LOAD ./Core/Startup/startup_stm32l476rgtx.o
LOAD ./Drivers/STM32L4xx_HAL_Driver/Src/stm32l4xx_hal.o
LOAD ./Drivers/STM32L4xx_HAL_Driver/Src/stm32l4xx_hal_cortex.o
LOAD ./Drivers/STM32L4xx_HAL_Driver/Src/stm32l4xx_hal_dma.o
LOAD ./Drivers/STM32L4xx_HAL_Driver/Src/stm32l4xx_hal_dma_ex.o
LOAD ./Drivers/STM32L4xx_HAL_Driver/Src/stm32l4xx_hal_exti.o
LOAD ./Drivers/STM32L4xx_HAL_Driver/Src/stm32l4xx_hal_flash.o
LOAD ./Drivers/STM32L4xx_HAL_Driver/Src/stm32l4xx_hal_flash_ex.o
LOAD ./Drivers/STM32L4xx_HAL_Driver/Src/stm32l4xx_hal_flash_ramfunc.o
LOAD ./Drivers/STM32L4xx_HAL_Driver/Src/stm32l4xx_hal_gpio.o
LOAD ./Drivers/STM32L4xx_HAL_Driver/Src/stm32l4xx_hal_i2c.o
LOAD ./Drivers/STM32L4xx_HAL_Driver/Src/stm32l4xx_hal_i2c_ex.o
LOAD ./Drivers/STM32L4xx_HAL_Driver/Src/stm32l4xx_hal_pwr.o
LOAD ./Drivers/STM32L4xx_HAL_Driver/Src/stm32l4xx_hal_pwr_ex.o
LOAD ./Drivers/STM32L4xx_HAL_Driver/Src/stm32l4xx_hal_rcc.o
LOAD ./Drivers/STM32L4xx_HAL_Driver/Src/stm32l4xx_hal_rcc_ex.o
LOAD ./Drivers/STM32L4xx_HAL_Driver/Src/stm32l4xx_hal_tim.o
LOAD ./Drivers/STM32L4xx_HAL_Driver/Src/stm32l4xx_hal_tim_ex.o
LOAD ./Drivers/STM32L4xx_HAL_Driver/Src/stm32l4xx_hal_uart.o
LOAD ./Drivers/STM32L4xx_HAL_Driver/Src/stm32l4xx_hal_uart_ex.o
START GROUP
LOAD c:/st/stm32cubeide_1.8.0/stm32cubeide/plugins/com.st.stm32cube.ide.mcu.externaltools.gnu-tools-for-stm32.9-2020-q2-update.win32_2.0.0.202105311346/tools/bin/../lib/gcc/arm-none-eabi/9.3.1/../../../../arm-none-eabi/lib/thumb/v7e-m+fp/hard\libc_nano.a
LOAD c:/st/stm32cubeide_1.8.0/stm32cubeide/plugins/com.st.stm32cube.ide.mcu.externaltools.gnu-tools-for-stm32.9-2020-q2-update.win32_2.0.0.202105311346/tools/bin/../lib/gcc/arm-none-eabi/9.3.1/../../../../arm-none-eabi/lib/thumb/v7e-m+fp/hard\libm.a
END GROUP
START GROUP
LOAD c:/st/stm32cubeide_1.8.0/stm32cubeide/plugins/com.st.stm32cube.ide.mcu.externaltools.gnu-tools-for-stm32.9-2020-q2-update.win32_2.0.0.202105311346/tools/bin/../lib/gcc/arm-none-eabi/9.3.1/thumb/v7e-m+fp/hard\libgcc.a
LOAD c:/st/stm32cubeide_1.8.0/stm32cubeide/plugins/com.st.stm32cube.ide.mcu.externaltools.gnu-tools-for-stm32.9-2020-q2-update.win32_2.0.0.202105311346/tools/bin/../lib/gcc/arm-none-eabi/9.3.1/../../../../arm-none-eabi/lib/thumb/v7e-m+fp/hard\libc_nano.a
END GROUP
START GROUP
LOAD c:/st/stm32cubeide_1.8.0/stm32cubeide/plugins/com.st.stm32cube.ide.mcu.externaltools.gnu-tools-for-stm32.9-2020-q2-update.win32_2.0.0.202105311346/tools/bin/../lib/gcc/arm-none-eabi/9.3.1/thumb/v7e-m+fp/hard\libgcc.a
LOAD c:/st/stm32cubeide_1.8.0/stm32cubeide/plugins/com.st.stm32cube.ide.mcu.externaltools.gnu-tools-for-stm32.9-2020-q2-update.win32_2.0.0.202105311346/tools/bin/../lib/gcc/arm-none-eabi/9.3.1/../../../../arm-none-eabi/lib/thumb/v7e-m+fp/hard\libc_nano.a
LOAD c:/st/stm32cubeide_1.8.0/stm32cubeide/plugins/com.st.stm32cube.ide.mcu.externaltools.gnu-tools-for-stm32.9-2020-q2-update.win32_2.0.0.202105311346/tools/bin/../lib/gcc/arm-none-eabi/9.3.1/../../../../arm-none-eabi/lib/thumb/v7e-m+fp/hard\libnosys.a
END GROUP
START GROUP
LOAD c:/st/stm32cubeide_1.8.0/stm32cubeide/plugins/com.st.stm32cube.ide.mcu.externaltools.gnu-tools-for-stm32.9-2020-q2-update.win32_2.0.0.202105311346/tools/bin/../lib/gcc/arm-none-eabi/9.3.1/thumb/v7e-m+fp/hard\libgcc.a
LOAD c:/st/stm32cubeide_1.8.0/stm32cubeide/plugins/com.st.stm32cube.ide.mcu.externaltools.gnu-tools-for-stm32.9-2020-q2-update.win32_2.0.0.202105311346/tools/bin/../lib/gcc/arm-none-eabi/9.3.1/../../../../arm-none-eabi/lib/thumb/v7e-m+fp/hard\libc_nano.a
LOAD c:/st/stm32cubeide_1.8.0/stm32cubeide/plugins/com.st.stm32cube.ide.mcu.externaltools.gnu-tools-for-stm32.9-2020-q2-update.win32_2.0.0.202105311346/tools/bin/../lib/gcc/arm-none-eabi/9.3.1/../../../../arm-none-eabi/lib/thumb/v7e-m+fp/hard\libnosys.a
END GROUP
LOAD c:/st/stm32cubeide_1.8.0/stm32cubeide/plugins/com.st.stm32cube.ide.mcu.externaltools.gnu-tools-for-stm32.9-2020-q2-update.win32_2.0.0.202105311346/tools/bin/../lib/gcc/arm-none-eabi/9.3.1/thumb/v7e-m+fp/hard/crtend.o
LOAD c:/st/stm32cubeide_1.8.0/stm32cubeide/plugins/com.st.stm32cube.ide.mcu.externaltools.gnu-tools-for-stm32.9-2020-q2-update.win32_2.0.0.202105311346/tools/bin/../lib/gcc/arm-none-eabi/9.3.1/thumb/v7e-m+fp/hard/crtn.o
                0x0000000020018000                _estack = (ORIGIN (RAM) + LENGTH (RAM))
                0x0000000000000200                _Min_Heap_Size = 0x200
                0x0000000000000400                _Min_Stack_Size = 0x400

.isr_vector     0x0000000008000000      0x188
                0x0000000008000000                . = ALIGN (0x4)
 *(.isr_vector)
 .isr_vector    0x0000000008000000      0x188 ./Core/Startup/startup_stm32l476rgtx.o
                0x0000000008000000                g_pfnVectors
                0x0000000008000188                . = ALIGN (0x4)

.text           0x0000000008000188     0x72dc
                0x0000000008000188                . = ALIGN (0x4)
 *(.text)
 .text          0x0000000008000188       0x40 c:/st/stm32cubeide_1.8.0/stm32cubeide/plugins/com.st.stm32cube.ide.mcu.externaltools.gnu-tools-for-stm32.9-2020-q2-update.win32_2.0.0.202105311346/tools/bin/../lib/gcc/arm-none-eabi/9.3.1/thumb/v7e-m+fp/hard/crtbegin.o
 .text          0x00000000080001c8      0x378 c:/st/stm32cubeide_1.8.0/stm32cubeide/plugins/com.st.stm32cube.ide.mcu.externaltools.gnu-tools-for-stm32.9-2020-q2-update.win32_2.0.0.202105311346/tools/bin/../lib/gcc/arm-none-eabi/9.3.1/thumb/v7e-m+fp/hard\libgcc.a(_arm_addsubdf3.o)
                0x00000000080001c8                __aeabi_drsub
                0x00000000080001d0                __aeabi_dsub
                0x00000000080001d0                __subdf3
                0x00000000080001d4                __aeabi_dadd
                0x00000000080001d4                __adddf3
                0x000000000800044c                __floatunsidf
                0x000000000800044c                __aeabi_ui2d
                0x000000000800046c                __floatsidf
                0x000000000800046c                __aeabi_i2d
                0x0000000008000490                __aeabi_f2d
                0x0000000008000490                __extendsfdf2
                0x00000000080004d4                __floatundidf
                0x00000000080004d4                __aeabi_ul2d
                0x00000000080004e4                __floatdidf
                0x00000000080004e4                __aeabi_l2d
 .text          0x0000000008000540      0x424 c:/st/stm32cubeide_1.8.0/stm32cubeide/plugins/com.st.stm32cube.ide.mcu.externaltools.gnu-tools-for-stm32.9-2020-q2-update.win32_2.0.0.202105311346/tools/bin/../lib/gcc/arm-none-eabi/9.3.1/thumb/v7e-m+fp/hard\libgcc.a(_arm_muldivdf3.o)
                0x0000000008000540                __aeabi_dmul
                0x0000000008000540                __muldf3
                0x0000000008000794                __divdf3
                0x0000000008000794                __aeabi_ddiv
 .text          0x0000000008000964      0x110 c:/st/stm32cubeide_1.8.0/stm32cubeide/plugins/com.st.stm32cube.ide.mcu.externaltools.gnu-tools-for-stm32.9-2020-q2-update.win32_2.0.0.202105311346/tools/bin/../lib/gcc/arm-none-eabi/9.3.1/thumb/v7e-m+fp/hard\libgcc.a(_arm_cmpdf2.o)
                0x0000000008000964                __gtdf2
                0x0000000008000964                __gedf2
                0x000000000800096c                __ltdf2
                0x000000000800096c                __ledf2
                0x0000000008000974                __nedf2
                0x0000000008000974                __eqdf2
                0x0000000008000974                __cmpdf2
                0x00000000080009f0                __aeabi_cdrcmple
                0x0000000008000a00                __aeabi_cdcmpeq
                0x0000000008000a00                __aeabi_cdcmple
                0x0000000008000a10                __aeabi_dcmpeq
                0x0000000008000a24                __aeabi_dcmplt
                0x0000000008000a38                __aeabi_dcmple
                0x0000000008000a4c                __aeabi_dcmpge
                0x0000000008000a60                __aeabi_dcmpgt
 .text          0x0000000008000a74       0x2c c:/st/stm32cubeide_1.8.0/stm32cubeide/plugins/com.st.stm32cube.ide.mcu.externaltools.gnu-tools-for-stm32.9-2020-q2-update.win32_2.0.0.202105311346/tools/bin/../lib/gcc/arm-none-eabi/9.3.1/thumb/v7e-m+fp/hard\libgcc.a(_arm_unorddf2.o)
                0x0000000008000a74                __unorddf2
                0x0000000008000a74                __aeabi_dcmpun
 .text          0x0000000008000aa0       0xa0 c:/st/stm32cubeide_1.8.0/stm32cubeide/plugins/com.st.stm32cube.ide.mcu.externaltools.gnu-tools-for-stm32.9-2020-q2-update.win32_2.0.0.202105311346/tools/bin/../lib/gcc/arm-none-eabi/9.3.1/thumb/v7e-m+fp/hard\libgcc.a(_arm_truncdfsf2.o)
                0x0000000008000aa0                __truncdfsf2
                0x0000000008000aa0                __aeabi_d2f
 .text          0x0000000008000b40       0x30 c:/st/stm32cubeide_1.8.0/stm32cubeide/plugins/com.st.stm32cube.ide.mcu.externaltools.gnu-tools-for-stm32.9-2020-q2-update.win32_2.0.0.202105311346/tools/bin/../lib/gcc/arm-none-eabi/9.3.1/thumb/v7e-m+fp/hard\libgcc.a(_aeabi_uldivmod.o)
                0x0000000008000b40                __aeabi_uldivmod
 .text          0x0000000008000b70      0x2c4 c:/st/stm32cubeide_1.8.0/stm32cubeide/plugins/com.st.stm32cube.ide.mcu.externaltools.gnu-tools-for-stm32.9-2020-q2-update.win32_2.0.0.202105311346/tools/bin/../lib/gcc/arm-none-eabi/9.3.1/thumb/v7e-m+fp/hard\libgcc.a(_udivmoddi4.o)
                0x0000000008000b70                __udivmoddi4
 .text          0x0000000008000e34        0x4 c:/st/stm32cubeide_1.8.0/stm32cubeide/plugins/com.st.stm32cube.ide.mcu.externaltools.gnu-tools-for-stm32.9-2020-q2-update.win32_2.0.0.202105311346/tools/bin/../lib/gcc/arm-none-eabi/9.3.1/thumb/v7e-m+fp/hard\libgcc.a(_dvmd_tls.o)
                0x0000000008000e34                __aeabi_idiv0
                0x0000000008000e34                __aeabi_ldiv0
 *(.text*)
 .text.DWT_Delay_us
                0x0000000008000e38       0x50 ./Core/Src/HT.o
 .text.Data_Output
                0x0000000008000e88       0x38 ./Core/Src/HT.o
                0x0000000008000e88                Data_Output
 .text.Data_Input
                0x0000000008000ec0       0x38 ./Core/Src/HT.o
                0x0000000008000ec0                Data_Input
 .text.Read_data
                0x0000000008000ef8       0xce ./Core/Src/HT.o
                0x0000000008000ef8                Read_data
 *fill*         0x0000000008000fc6        0x2 
 .text.lcd_init
                0x0000000008000fc8      0x1ec ./Core/Src/LCD.o
                0x0000000008000fc8                lcd_init
 .text.lcd_print
                0x00000000080011b4       0x52 ./Core/Src/LCD.o
                0x00000000080011b4                lcd_print
 .text.lcd_position
                0x0000000008001206       0x50 ./Core/Src/LCD.o
                0x0000000008001206                lcd_position
 *fill*         0x0000000008001256        0x2 
 .text.reglagecouleur
                0x0000000008001258       0x78 ./Core/Src/LCD.o
                0x0000000008001258                reglagecouleur
 .text.TMP_Receive
                0x00000000080012d0       0x30 ./Core/Src/TMP_i2c.o
                0x00000000080012d0                TMP_Receive
 .text.TMP_init
                0x0000000008001300       0x30 ./Core/Src/TMP_i2c.o
                0x0000000008001300                TMP_init
 .text.TMP_Transmit
                0x0000000008001330       0x30 ./Core/Src/TMP_i2c.o
                0x0000000008001330                TMP_Transmit
 .text.Temp_read
                0x0000000008001360      0x130 ./Core/Src/TMP_i2c.o
                0x0000000008001360                Temp_read
 .text.reverse  0x0000000008001490       0x5e ./Core/Src/caracter.o
                0x0000000008001490                reverse
 *fill*         0x00000000080014ee        0x2 
 .text.intToStr
                0x00000000080014f0       0x90 ./Core/Src/caracter.o
                0x00000000080014f0                intToStr
 .text.ftoat    0x0000000008001580       0xb8 ./Core/Src/caracter.o
                0x0000000008001580                ftoat
 .text.MX_GPIO_Init
                0x0000000008001638       0xe4 ./Core/Src/gpio.o
                0x0000000008001638                MX_GPIO_Init
 .text.MX_I2C1_Init
                0x000000000800171c       0x80 ./Core/Src/i2c.o
                0x000000000800171c                MX_I2C1_Init
 .text.HAL_I2C_MspInit
                0x000000000800179c       0xbc ./Core/Src/i2c.o
                0x000000000800179c                HAL_I2C_MspInit
 .text.DWT_Delay_us
                0x0000000008001858       0x50 ./Core/Src/main.o
 .text.main     0x00000000080018a8      0x314 ./Core/Src/main.o
                0x00000000080018a8                main
 .text.SystemClock_Config
                0x0000000008001bbc       0xa2 ./Core/Src/main.o
                0x0000000008001bbc                SystemClock_Config
 .text.Error_Handler
                0x0000000008001c5e        0xa ./Core/Src/main.o
                0x0000000008001c5e                Error_Handler
 .text.HAL_MspInit
                0x0000000008001c68       0x48 ./Core/Src/stm32l4xx_hal_msp.o
                0x0000000008001c68                HAL_MspInit
 .text.NMI_Handler
                0x0000000008001cb0        0x6 ./Core/Src/stm32l4xx_it.o
                0x0000000008001cb0                NMI_Handler
 .text.HardFault_Handler
                0x0000000008001cb6        0x6 ./Core/Src/stm32l4xx_it.o
                0x0000000008001cb6                HardFault_Handler
 .text.MemManage_Handler
                0x0000000008001cbc        0x6 ./Core/Src/stm32l4xx_it.o
                0x0000000008001cbc                MemManage_Handler
 .text.BusFault_Handler
                0x0000000008001cc2        0x6 ./Core/Src/stm32l4xx_it.o
                0x0000000008001cc2                BusFault_Handler
 .text.UsageFault_Handler
                0x0000000008001cc8        0x6 ./Core/Src/stm32l4xx_it.o
                0x0000000008001cc8                UsageFault_Handler
 .text.SVC_Handler
                0x0000000008001cce        0xe ./Core/Src/stm32l4xx_it.o
                0x0000000008001cce                SVC_Handler
 .text.DebugMon_Handler
                0x0000000008001cdc        0xe ./Core/Src/stm32l4xx_it.o
                0x0000000008001cdc                DebugMon_Handler
 .text.PendSV_Handler
                0x0000000008001cea        0xe ./Core/Src/stm32l4xx_it.o
                0x0000000008001cea                PendSV_Handler
 .text.SysTick_Handler
                0x0000000008001cf8        0xc ./Core/Src/stm32l4xx_it.o
                0x0000000008001cf8                SysTick_Handler
 .text.UART4_IRQHandler
                0x0000000008001d04       0x14 ./Core/Src/stm32l4xx_it.o
                0x0000000008001d04                UART4_IRQHandler
 .text.SystemInit
                0x0000000008001d18       0x24 ./Core/Src/system_stm32l4xx.o
                0x0000000008001d18                SystemInit
 .text.MX_TIM2_Init
                0x0000000008001d3c       0x9c ./Core/Src/tim.o
                0x0000000008001d3c                MX_TIM2_Init
 .text.HAL_TIM_Base_MspInit
                0x0000000008001dd8       0x3c ./Core/Src/tim.o
                0x0000000008001dd8                HAL_TIM_Base_MspInit
 .text.DWT_Delay_Init
                0x0000000008001e14       0x60 ./Core/Src/timer.o
                0x0000000008001e14                DWT_Delay_Init
 .text.MX_UART4_Init
                0x0000000008001e74       0x60 ./Core/Src/usart.o
                0x0000000008001e74                MX_UART4_Init
 .text.MX_USART1_UART_Init
                0x0000000008001ed4       0x60 ./Core/Src/usart.o
                0x0000000008001ed4                MX_USART1_UART_Init
 .text.MX_USART2_UART_Init
                0x0000000008001f34       0x60 ./Core/Src/usart.o
                0x0000000008001f34                MX_USART2_UART_Init
 .text.HAL_UART_MspInit
                0x0000000008001f94      0x1dc ./Core/Src/usart.o
                0x0000000008001f94                HAL_UART_MspInit
 .text.Reset_Handler
                0x0000000008002170       0x50 ./Core/Startup/startup_stm32l476rgtx.o
                0x0000000008002170                Reset_Handler
 .text.Default_Handler
                0x00000000080021c0        0x2 ./Core/Startup/startup_stm32l476rgtx.o
                0x00000000080021c0                RTC_Alarm_IRQHandler
                0x00000000080021c0                EXTI2_IRQHandler
                0x00000000080021c0                TIM8_TRG_COM_IRQHandler
                0x00000000080021c0                TIM8_CC_IRQHandler
                0x00000000080021c0                TIM1_CC_IRQHandler
                0x00000000080021c0                TSC_IRQHandler
                0x00000000080021c0                TAMP_STAMP_IRQHandler
                0x00000000080021c0                EXTI3_IRQHandler
                0x00000000080021c0                LPTIM2_IRQHandler
                0x00000000080021c0                DFSDM1_FLT1_IRQHandler
                0x00000000080021c0                I2C3_ER_IRQHandler
                0x00000000080021c0                DFSDM1_FLT2_IRQHandler
                0x00000000080021c0                EXTI0_IRQHandler
                0x00000000080021c0                I2C2_EV_IRQHandler
                0x00000000080021c0                CAN1_RX0_IRQHandler
                0x00000000080021c0                FPU_IRQHandler
                0x00000000080021c0                TIM1_UP_TIM16_IRQHandler
                0x00000000080021c0                ADC1_2_IRQHandler
                0x00000000080021c0                SPI1_IRQHandler
                0x00000000080021c0                TIM6_DAC_IRQHandler
                0x00000000080021c0                TIM8_UP_IRQHandler
                0x00000000080021c0                DMA2_Channel2_IRQHandler
                0x00000000080021c0                DMA1_Channel4_IRQHandler
                0x00000000080021c0                SAI2_IRQHandler
                0x00000000080021c0                DFSDM1_FLT3_IRQHandler
                0x00000000080021c0                USART3_IRQHandler
                0x00000000080021c0                DMA1_Channel7_IRQHandler
                0x00000000080021c0                CAN1_RX1_IRQHandler
                0x00000000080021c0                LCD_IRQHandler
                0x00000000080021c0                UART5_IRQHandler
                0x00000000080021c0                ADC3_IRQHandler
                0x00000000080021c0                TIM4_IRQHandler
                0x00000000080021c0                DMA2_Channel1_IRQHandler
                0x00000000080021c0                QUADSPI_IRQHandler
                0x00000000080021c0                I2C1_EV_IRQHandler
                0x00000000080021c0                DMA1_Channel6_IRQHandler
                0x00000000080021c0                DMA2_Channel4_IRQHandler
                0x00000000080021c0                TIM3_IRQHandler
                0x00000000080021c0                RCC_IRQHandler
                0x00000000080021c0                DMA1_Channel1_IRQHandler
                0x00000000080021c0                Default_Handler
                0x00000000080021c0                DMA2_Channel7_IRQHandler
                0x00000000080021c0                EXTI15_10_IRQHandler
                0x00000000080021c0                TIM7_IRQHandler
                0x00000000080021c0                SDMMC1_IRQHandler
                0x00000000080021c0                TIM5_IRQHandler
                0x00000000080021c0                I2C3_EV_IRQHandler
                0x00000000080021c0                EXTI9_5_IRQHandler
                0x00000000080021c0                RTC_WKUP_IRQHandler
                0x00000000080021c0                PVD_PVM_IRQHandler
                0x00000000080021c0                SPI2_IRQHandler
                0x00000000080021c0                CAN1_TX_IRQHandler
                0x00000000080021c0                DMA2_Channel5_IRQHandler
                0x00000000080021c0                DMA1_Channel5_IRQHandler
                0x00000000080021c0                EXTI4_IRQHandler
                0x00000000080021c0                RNG_IRQHandler
                0x00000000080021c0                TIM1_TRG_COM_TIM17_IRQHandler
                0x00000000080021c0                DMA1_Channel3_IRQHandler
                0x00000000080021c0                COMP_IRQHandler
                0x00000000080021c0                WWDG_IRQHandler
                0x00000000080021c0                LPUART1_IRQHandler
                0x00000000080021c0                DMA2_Channel6_IRQHandler
                0x00000000080021c0                TIM2_IRQHandler
                0x00000000080021c0                EXTI1_IRQHandler
                0x00000000080021c0                USART2_IRQHandler
                0x00000000080021c0                DFSDM1_FLT0_IRQHandler
                0x00000000080021c0                I2C2_ER_IRQHandler
                0x00000000080021c0                DMA1_Channel2_IRQHandler
                0x00000000080021c0                TIM8_BRK_IRQHandler
                0x00000000080021c0                CAN1_SCE_IRQHandler
                0x00000000080021c0                FLASH_IRQHandler
                0x00000000080021c0                USART1_IRQHandler
                0x00000000080021c0                OTG_FS_IRQHandler
                0x00000000080021c0                SPI3_IRQHandler
                0x00000000080021c0                I2C1_ER_IRQHandler
                0x00000000080021c0                FMC_IRQHandler
                0x00000000080021c0                SWPMI1_IRQHandler
                0x00000000080021c0                LPTIM1_IRQHandler
                0x00000000080021c0                SAI1_IRQHandler
                0x00000000080021c0                DMA2_Channel3_IRQHandler
                0x00000000080021c0                TIM1_BRK_TIM15_IRQHandler
 *fill*         0x00000000080021c2        0x2 
 .text.HAL_Init
                0x00000000080021c4       0x40 ./Drivers/STM32L4xx_HAL_Driver/Src/stm32l4xx_hal.o
                0x00000000080021c4                HAL_Init
 .text.HAL_InitTick
                0x0000000008002204       0x78 ./Drivers/STM32L4xx_HAL_Driver/Src/stm32l4xx_hal.o
                0x0000000008002204                HAL_InitTick
 .text.HAL_IncTick
                0x000000000800227c       0x28 ./Drivers/STM32L4xx_HAL_Driver/Src/stm32l4xx_hal.o
                0x000000000800227c                HAL_IncTick
 .text.HAL_GetTick
                0x00000000080022a4       0x18 ./Drivers/STM32L4xx_HAL_Driver/Src/stm32l4xx_hal.o
                0x00000000080022a4                HAL_GetTick
 .text.HAL_Delay
                0x00000000080022bc       0x48 ./Drivers/STM32L4xx_HAL_Driver/Src/stm32l4xx_hal.o
                0x00000000080022bc                HAL_Delay
 .text.__NVIC_SetPriorityGrouping
                0x0000000008002304       0x48 ./Drivers/STM32L4xx_HAL_Driver/Src/stm32l4xx_hal_cortex.o
 .text.__NVIC_GetPriorityGrouping
                0x000000000800234c       0x1c ./Drivers/STM32L4xx_HAL_Driver/Src/stm32l4xx_hal_cortex.o
 .text.__NVIC_EnableIRQ
                0x0000000008002368       0x3c ./Drivers/STM32L4xx_HAL_Driver/Src/stm32l4xx_hal_cortex.o
 .text.__NVIC_SetPriority
                0x00000000080023a4       0x54 ./Drivers/STM32L4xx_HAL_Driver/Src/stm32l4xx_hal_cortex.o
 .text.NVIC_EncodePriority
                0x00000000080023f8       0x66 ./Drivers/STM32L4xx_HAL_Driver/Src/stm32l4xx_hal_cortex.o
 *fill*         0x000000000800245e        0x2 
 .text.SysTick_Config
                0x0000000008002460       0x44 ./Drivers/STM32L4xx_HAL_Driver/Src/stm32l4xx_hal_cortex.o
 .text.HAL_NVIC_SetPriorityGrouping
                0x00000000080024a4       0x16 ./Drivers/STM32L4xx_HAL_Driver/Src/stm32l4xx_hal_cortex.o
                0x00000000080024a4                HAL_NVIC_SetPriorityGrouping
 .text.HAL_NVIC_SetPriority
                0x00000000080024ba       0x38 ./Drivers/STM32L4xx_HAL_Driver/Src/stm32l4xx_hal_cortex.o
                0x00000000080024ba                HAL_NVIC_SetPriority
 .text.HAL_NVIC_EnableIRQ
                0x00000000080024f2       0x1c ./Drivers/STM32L4xx_HAL_Driver/Src/stm32l4xx_hal_cortex.o
                0x00000000080024f2                HAL_NVIC_EnableIRQ
 .text.HAL_SYSTICK_Config
                0x000000000800250e       0x18 ./Drivers/STM32L4xx_HAL_Driver/Src/stm32l4xx_hal_cortex.o
                0x000000000800250e                HAL_SYSTICK_Config
 .text.HAL_DMA_Abort
                0x0000000008002526       0x7c ./Drivers/STM32L4xx_HAL_Driver/Src/stm32l4xx_hal_dma.o
                0x0000000008002526                HAL_DMA_Abort
 .text.HAL_DMA_Abort_IT
                0x00000000080025a2       0x82 ./Drivers/STM32L4xx_HAL_Driver/Src/stm32l4xx_hal_dma.o
                0x00000000080025a2                HAL_DMA_Abort_IT
 .text.HAL_GPIO_Init
                0x0000000008002624      0x354 ./Drivers/STM32L4xx_HAL_Driver/Src/stm32l4xx_hal_gpio.o
                0x0000000008002624                HAL_GPIO_Init
 .text.HAL_GPIO_ReadPin
                0x0000000008002978       0x30 ./Drivers/STM32L4xx_HAL_Driver/Src/stm32l4xx_hal_gpio.o
                0x0000000008002978                HAL_GPIO_ReadPin
 .text.HAL_GPIO_WritePin
                0x00000000080029a8       0x30 ./Drivers/STM32L4xx_HAL_Driver/Src/stm32l4xx_hal_gpio.o
                0x00000000080029a8                HAL_GPIO_WritePin
 .text.HAL_I2C_Init
                0x00000000080029d8      0x11e ./Drivers/STM32L4xx_HAL_Driver/Src/stm32l4xx_hal_i2c.o
                0x00000000080029d8                HAL_I2C_Init
 *fill*         0x0000000008002af6        0x2 
 .text.HAL_I2C_Master_Transmit
                0x0000000008002af8      0x1e8 ./Drivers/STM32L4xx_HAL_Driver/Src/stm32l4xx_hal_i2c.o
                0x0000000008002af8                HAL_I2C_Master_Transmit
 .text.HAL_I2C_Master_Receive
                0x0000000008002ce0      0x1ec ./Drivers/STM32L4xx_HAL_Driver/Src/stm32l4xx_hal_i2c.o
                0x0000000008002ce0                HAL_I2C_Master_Receive
 .text.HAL_I2C_IsDeviceReady
                0x0000000008002ecc      0x20e ./Drivers/STM32L4xx_HAL_Driver/Src/stm32l4xx_hal_i2c.o
                0x0000000008002ecc                HAL_I2C_IsDeviceReady
 .text.I2C_Flush_TXDR
                0x00000000080030da       0x48 ./Drivers/STM32L4xx_HAL_Driver/Src/stm32l4xx_hal_i2c.o
 .text.I2C_WaitOnFlagUntilTimeout
                0x0000000008003122       0x80 ./Drivers/STM32L4xx_HAL_Driver/Src/stm32l4xx_hal_i2c.o
 .text.I2C_WaitOnTXISFlagUntilTimeout
                0x00000000080031a2       0x80 ./Drivers/STM32L4xx_HAL_Driver/Src/stm32l4xx_hal_i2c.o
 .text.I2C_WaitOnSTOPFlagUntilTimeout
                0x0000000008003222       0x78 ./Drivers/STM32L4xx_HAL_Driver/Src/stm32l4xx_hal_i2c.o
 *fill*         0x000000000800329a        0x2 
 .text.I2C_WaitOnRXNEFlagUntilTimeout
                0x000000000800329c       0xf4 ./Drivers/STM32L4xx_HAL_Driver/Src/stm32l4xx_hal_i2c.o
 .text.I2C_IsErrorOccurred
                0x0000000008003390      0x1d8 ./Drivers/STM32L4xx_HAL_Driver/Src/stm32l4xx_hal_i2c.o
 .text.I2C_TransferConfig
                0x0000000008003568       0x64 ./Drivers/STM32L4xx_HAL_Driver/Src/stm32l4xx_hal_i2c.o
 .text.HAL_I2CEx_ConfigAnalogFilter
                0x00000000080035cc       0x96 ./Drivers/STM32L4xx_HAL_Driver/Src/stm32l4xx_hal_i2c_ex.o
                0x00000000080035cc                HAL_I2CEx_ConfigAnalogFilter
 .text.HAL_I2CEx_ConfigDigitalFilter
                0x0000000008003662       0x98 ./Drivers/STM32L4xx_HAL_Driver/Src/stm32l4xx_hal_i2c_ex.o
                0x0000000008003662                HAL_I2CEx_ConfigDigitalFilter
 *fill*         0x00000000080036fa        0x2 
 .text.HAL_PWREx_GetVoltageRange
                0x00000000080036fc       0x1c ./Drivers/STM32L4xx_HAL_Driver/Src/stm32l4xx_hal_pwr_ex.o
                0x00000000080036fc                HAL_PWREx_GetVoltageRange
 .text.HAL_PWREx_ControlVoltageScaling
                0x0000000008003718       0xac ./Drivers/STM32L4xx_HAL_Driver/Src/stm32l4xx_hal_pwr_ex.o
                0x0000000008003718                HAL_PWREx_ControlVoltageScaling
 .text.HAL_RCC_OscConfig
                0x00000000080037c4      0x7cc ./Drivers/STM32L4xx_HAL_Driver/Src/stm32l4xx_hal_rcc.o
                0x00000000080037c4                HAL_RCC_OscConfig
 .text.HAL_RCC_ClockConfig
                0x0000000008003f90      0x1c4 ./Drivers/STM32L4xx_HAL_Driver/Src/stm32l4xx_hal_rcc.o
                0x0000000008003f90                HAL_RCC_ClockConfig
 .text.HAL_RCC_GetSysClockFreq
                0x0000000008004154      0x118 ./Drivers/STM32L4xx_HAL_Driver/Src/stm32l4xx_hal_rcc.o
                0x0000000008004154                HAL_RCC_GetSysClockFreq
 .text.HAL_RCC_GetHCLKFreq
                0x000000000800426c       0x18 ./Drivers/STM32L4xx_HAL_Driver/Src/stm32l4xx_hal_rcc.o
                0x000000000800426c                HAL_RCC_GetHCLKFreq
 .text.HAL_RCC_GetPCLK1Freq
                0x0000000008004284       0x2c ./Drivers/STM32L4xx_HAL_Driver/Src/stm32l4xx_hal_rcc.o
                0x0000000008004284                HAL_RCC_GetPCLK1Freq
 .text.HAL_RCC_GetPCLK2Freq
                0x00000000080042b0       0x2c ./Drivers/STM32L4xx_HAL_Driver/Src/stm32l4xx_hal_rcc.o
                0x00000000080042b0                HAL_RCC_GetPCLK2Freq
 .text.RCC_SetFlashLatencyFromMSIRange
                0x00000000080042dc       0xc0 ./Drivers/STM32L4xx_HAL_Driver/Src/stm32l4xx_hal_rcc.o
 .text.HAL_RCCEx_PeriphCLKConfig
                0x000000000800439c      0x5d4 ./Drivers/STM32L4xx_HAL_Driver/Src/stm32l4xx_hal_rcc_ex.o
                0x000000000800439c                HAL_RCCEx_PeriphCLKConfig
 .text.RCCEx_PLLSAI1_Config
                0x0000000008004970      0x1e8 ./Drivers/STM32L4xx_HAL_Driver/Src/stm32l4xx_hal_rcc_ex.o
 .text.RCCEx_PLLSAI2_Config
                0x0000000008004b58      0x1bc ./Drivers/STM32L4xx_HAL_Driver/Src/stm32l4xx_hal_rcc_ex.o
 .text.HAL_TIM_Base_Init
                0x0000000008004d14       0xae ./Drivers/STM32L4xx_HAL_Driver/Src/stm32l4xx_hal_tim.o
                0x0000000008004d14                HAL_TIM_Base_Init
 .text.HAL_TIM_ConfigClockSource
                0x0000000008004dc2      0x192 ./Drivers/STM32L4xx_HAL_Driver/Src/stm32l4xx_hal_tim.o
                0x0000000008004dc2                HAL_TIM_ConfigClockSource
 .text.TIM_Base_SetConfig
                0x0000000008004f54      0x134 ./Drivers/STM32L4xx_HAL_Driver/Src/stm32l4xx_hal_tim.o
                0x0000000008004f54                TIM_Base_SetConfig
 .text.TIM_TI1_ConfigInputStage
                0x0000000008005088       0x5e ./Drivers/STM32L4xx_HAL_Driver/Src/stm32l4xx_hal_tim.o
 .text.TIM_TI2_ConfigInputStage
                0x00000000080050e6       0x60 ./Drivers/STM32L4xx_HAL_Driver/Src/stm32l4xx_hal_tim.o
 .text.TIM_ITRx_SetConfig
                0x0000000008005146       0x36 ./Drivers/STM32L4xx_HAL_Driver/Src/stm32l4xx_hal_tim.o
 .text.TIM_ETR_SetConfig
                0x000000000800517c       0x40 ./Drivers/STM32L4xx_HAL_Driver/Src/stm32l4xx_hal_tim.o
                0x000000000800517c                TIM_ETR_SetConfig
 .text.HAL_TIMEx_MasterConfigSynchronization
                0x00000000080051bc      0x110 ./Drivers/STM32L4xx_HAL_Driver/Src/stm32l4xx_hal_tim_ex.o
                0x00000000080051bc                HAL_TIMEx_MasterConfigSynchronization
 .text.HAL_UART_Init
                0x00000000080052cc       0x9c ./Drivers/STM32L4xx_HAL_Driver/Src/stm32l4xx_hal_uart.o
                0x00000000080052cc                HAL_UART_Init
 .text.HAL_UART_Transmit
                0x0000000008005368      0x128 ./Drivers/STM32L4xx_HAL_Driver/Src/stm32l4xx_hal_uart.o
                0x0000000008005368                HAL_UART_Transmit
 .text.HAL_UART_IRQHandler
                0x0000000008005490      0x5c4 ./Drivers/STM32L4xx_HAL_Driver/Src/stm32l4xx_hal_uart.o
                0x0000000008005490                HAL_UART_IRQHandler
 .text.HAL_UART_TxCpltCallback
                0x0000000008005a54       0x14 ./Drivers/STM32L4xx_HAL_Driver/Src/stm32l4xx_hal_uart.o
                0x0000000008005a54                HAL_UART_TxCpltCallback
 .text.HAL_UART_ErrorCallback
                0x0000000008005a68       0x14 ./Drivers/STM32L4xx_HAL_Driver/Src/stm32l4xx_hal_uart.o
                0x0000000008005a68                HAL_UART_ErrorCallback
 .text.HAL_UARTEx_RxEventCallback
                0x0000000008005a7c       0x18 ./Drivers/STM32L4xx_HAL_Driver/Src/stm32l4xx_hal_uart.o
                0x0000000008005a7c                HAL_UARTEx_RxEventCallback
 .text.UART_SetConfig
                0x0000000008005a94      0x514 ./Drivers/STM32L4xx_HAL_Driver/Src/stm32l4xx_hal_uart.o
                0x0000000008005a94                UART_SetConfig
 .text.UART_AdvFeatureConfig
                0x0000000008005fa8      0x144 ./Drivers/STM32L4xx_HAL_Driver/Src/stm32l4xx_hal_uart.o
                0x0000000008005fa8                UART_AdvFeatureConfig
 .text.UART_CheckIdleState
                0x00000000080060ec       0x92 ./Drivers/STM32L4xx_HAL_Driver/Src/stm32l4xx_hal_uart.o
                0x00000000080060ec                UART_CheckIdleState
 .text.UART_WaitOnFlagUntilTimeout
                0x000000000800617e      0x188 ./Drivers/STM32L4xx_HAL_Driver/Src/stm32l4xx_hal_uart.o
                0x000000000800617e                UART_WaitOnFlagUntilTimeout
 .text.UART_EndRxTransfer
                0x0000000008006306       0xc6 ./Drivers/STM32L4xx_HAL_Driver/Src/stm32l4xx_hal_uart.o
 .text.UART_DMAAbortOnError
                0x00000000080063cc       0x2c ./Drivers/STM32L4xx_HAL_Driver/Src/stm32l4xx_hal_uart.o
 .text.UART_EndTransmit_IT
                0x00000000080063f8       0x54 ./Drivers/STM32L4xx_HAL_Driver/Src/stm32l4xx_hal_uart.o
 .text.HAL_UARTEx_WakeupCallback
                0x000000000800644c       0x14 ./Drivers/STM32L4xx_HAL_Driver/Src/stm32l4xx_hal_uart_ex.o
                0x000000000800644c                HAL_UARTEx_WakeupCallback
 .text.__errno  0x0000000008006460        0xc c:/st/stm32cubeide_1.8.0/stm32cubeide/plugins/com.st.stm32cube.ide.mcu.externaltools.gnu-tools-for-stm32.9-2020-q2-update.win32_2.0.0.202105311346/tools/bin/../lib/gcc/arm-none-eabi/9.3.1/../../../../arm-none-eabi/lib/thumb/v7e-m+fp/hard\libc_nano.a(lib_a-errno.o)
                0x0000000008006460                __errno
 .text.__libc_init_array
                0x000000000800646c       0x48 c:/st/stm32cubeide_1.8.0/stm32cubeide/plugins/com.st.stm32cube.ide.mcu.externaltools.gnu-tools-for-stm32.9-2020-q2-update.win32_2.0.0.202105311346/tools/bin/../lib/gcc/arm-none-eabi/9.3.1/../../../../arm-none-eabi/lib/thumb/v7e-m+fp/hard\libc_nano.a(lib_a-init.o)
                0x000000000800646c                __libc_init_array
 .text.memcpy   0x00000000080064b4       0x1c c:/st/stm32cubeide_1.8.0/stm32cubeide/plugins/com.st.stm32cube.ide.mcu.externaltools.gnu-tools-for-stm32.9-2020-q2-update.win32_2.0.0.202105311346/tools/bin/../lib/gcc/arm-none-eabi/9.3.1/../../../../arm-none-eabi/lib/thumb/v7e-m+fp/hard\libc_nano.a(lib_a-memcpy-stub.o)
                0x00000000080064b4                memcpy
 .text.memset   0x00000000080064d0       0x10 c:/st/stm32cubeide_1.8.0/stm32cubeide/plugins/com.st.stm32cube.ide.mcu.externaltools.gnu-tools-for-stm32.9-2020-q2-update.win32_2.0.0.202105311346/tools/bin/../lib/gcc/arm-none-eabi/9.3.1/../../../../arm-none-eabi/lib/thumb/v7e-m+fp/hard\libc_nano.a(lib_a-memset.o)
                0x00000000080064d0                memset
 .text.pow      0x00000000080064e0      0x15c c:/st/stm32cubeide_1.8.0/stm32cubeide/plugins/com.st.stm32cube.ide.mcu.externaltools.gnu-tools-for-stm32.9-2020-q2-update.win32_2.0.0.202105311346/tools/bin/../lib/gcc/arm-none-eabi/9.3.1/../../../../arm-none-eabi/lib/thumb/v7e-m+fp/hard\libm.a(lib_a-w_pow.o)
                0x00000000080064e0                pow
 *fill*         0x000000000800663c        0x4 
 .text.__ieee754_pow
                0x0000000008006640      0xa44 c:/st/stm32cubeide_1.8.0/stm32cubeide/plugins/com.st.stm32cube.ide.mcu.externaltools.gnu-tools-for-stm32.9-2020-q2-update.win32_2.0.0.202105311346/tools/bin/../lib/gcc/arm-none-eabi/9.3.1/../../../../arm-none-eabi/lib/thumb/v7e-m+fp/hard\libm.a(lib_a-e_pow.o)
                0x0000000008006640                __ieee754_pow
 .text.__ieee754_sqrt
                0x0000000008007084      0x168 c:/st/stm32cubeide_1.8.0/stm32cubeide/plugins/com.st.stm32cube.ide.mcu.externaltools.gnu-tools-for-stm32.9-2020-q2-update.win32_2.0.0.202105311346/tools/bin/../lib/gcc/arm-none-eabi/9.3.1/../../../../arm-none-eabi/lib/thumb/v7e-m+fp/hard\libm.a(lib_a-e_sqrt.o)
                0x0000000008007084                __ieee754_sqrt
 .text.fabs     0x00000000080071ec       0x12 c:/st/stm32cubeide_1.8.0/stm32cubeide/plugins/com.st.stm32cube.ide.mcu.externaltools.gnu-tools-for-stm32.9-2020-q2-update.win32_2.0.0.202105311346/tools/bin/../lib/gcc/arm-none-eabi/9.3.1/../../../../arm-none-eabi/lib/thumb/v7e-m+fp/hard\libm.a(lib_a-s_fabs.o)
                0x00000000080071ec                fabs
 .text.finite   0x00000000080071fe       0x16 c:/st/stm32cubeide_1.8.0/stm32cubeide/plugins/com.st.stm32cube.ide.mcu.externaltools.gnu-tools-for-stm32.9-2020-q2-update.win32_2.0.0.202105311346/tools/bin/../lib/gcc/arm-none-eabi/9.3.1/../../../../arm-none-eabi/lib/thumb/v7e-m+fp/hard\libm.a(lib_a-s_finite.o)
                0x00000000080071fe                finite
 *fill*         0x0000000008007214        0x4 
 .text.nan      0x0000000008007218       0x10 c:/st/stm32cubeide_1.8.0/stm32cubeide/plugins/com.st.stm32cube.ide.mcu.externaltools.gnu-tools-for-stm32.9-2020-q2-update.win32_2.0.0.202105311346/tools/bin/../lib/gcc/arm-none-eabi/9.3.1/../../../../arm-none-eabi/lib/thumb/v7e-m+fp/hard\libm.a(lib_a-s_nan.o)
                0x0000000008007218                nan
 .text.rint     0x0000000008007228      0x114 c:/st/stm32cubeide_1.8.0/stm32cubeide/plugins/com.st.stm32cube.ide.mcu.externaltools.gnu-tools-for-stm32.9-2020-q2-update.win32_2.0.0.202105311346/tools/bin/../lib/gcc/arm-none-eabi/9.3.1/../../../../arm-none-eabi/lib/thumb/v7e-m+fp/hard\libm.a(lib_a-s_rint.o)
                0x0000000008007228                rint
 *fill*         0x000000000800733c        0x4 
 .text.scalbn   0x0000000008007340      0x10c c:/st/stm32cubeide_1.8.0/stm32cubeide/plugins/com.st.stm32cube.ide.mcu.externaltools.gnu-tools-for-stm32.9-2020-q2-update.win32_2.0.0.202105311346/tools/bin/../lib/gcc/arm-none-eabi/9.3.1/../../../../arm-none-eabi/lib/thumb/v7e-m+fp/hard\libm.a(lib_a-s_scalbn.o)
                0x0000000008007340                scalbn
 *(.glue_7)
 .glue_7        0x000000000800744c        0x0 linker stubs
 *(.glue_7t)
 .glue_7t       0x000000000800744c        0x0 linker stubs
 *(.eh_frame)
 .eh_frame      0x000000000800744c        0x0 c:/st/stm32cubeide_1.8.0/stm32cubeide/plugins/com.st.stm32cube.ide.mcu.externaltools.gnu-tools-for-stm32.9-2020-q2-update.win32_2.0.0.202105311346/tools/bin/../lib/gcc/arm-none-eabi/9.3.1/thumb/v7e-m+fp/hard/crtbegin.o
 *(.init)
 .init          0x000000000800744c        0x4 c:/st/stm32cubeide_1.8.0/stm32cubeide/plugins/com.st.stm32cube.ide.mcu.externaltools.gnu-tools-for-stm32.9-2020-q2-update.win32_2.0.0.202105311346/tools/bin/../lib/gcc/arm-none-eabi/9.3.1/thumb/v7e-m+fp/hard/crti.o
                0x000000000800744c                _init
 .init          0x0000000008007450        0x8 c:/st/stm32cubeide_1.8.0/stm32cubeide/plugins/com.st.stm32cube.ide.mcu.externaltools.gnu-tools-for-stm32.9-2020-q2-update.win32_2.0.0.202105311346/tools/bin/../lib/gcc/arm-none-eabi/9.3.1/thumb/v7e-m+fp/hard/crtn.o
 *(.fini)
 .fini          0x0000000008007458        0x4 c:/st/stm32cubeide_1.8.0/stm32cubeide/plugins/com.st.stm32cube.ide.mcu.externaltools.gnu-tools-for-stm32.9-2020-q2-update.win32_2.0.0.202105311346/tools/bin/../lib/gcc/arm-none-eabi/9.3.1/thumb/v7e-m+fp/hard/crti.o
                0x0000000008007458                _fini
 .fini          0x000000000800745c        0x8 c:/st/stm32cubeide_1.8.0/stm32cubeide/plugins/com.st.stm32cube.ide.mcu.externaltools.gnu-tools-for-stm32.9-2020-q2-update.win32_2.0.0.202105311346/tools/bin/../lib/gcc/arm-none-eabi/9.3.1/thumb/v7e-m+fp/hard/crtn.o
                0x0000000008007464                . = ALIGN (0x4)
                0x0000000008007464                _etext = .

.vfp11_veneer   0x0000000008007464        0x0
 .vfp11_veneer  0x0000000008007464        0x0 linker stubs

.v4_bx          0x0000000008007464        0x0
 .v4_bx         0x0000000008007464        0x0 linker stubs

.iplt           0x0000000008007464        0x0
 .iplt          0x0000000008007464        0x0 c:/st/stm32cubeide_1.8.0/stm32cubeide/plugins/com.st.stm32cube.ide.mcu.externaltools.gnu-tools-for-stm32.9-2020-q2-update.win32_2.0.0.202105311346/tools/bin/../lib/gcc/arm-none-eabi/9.3.1/thumb/v7e-m+fp/hard/crtbegin.o

.rodata         0x0000000008007468       0x98
                0x0000000008007468                . = ALIGN (0x4)
 *(.rodata)
 .rodata        0x0000000008007468        0x8 ./Core/Src/main.o
 *(.rodata*)
 .rodata.AHBPrescTable
                0x0000000008007470       0x10 ./Core/Src/system_stm32l4xx.o
                0x0000000008007470                AHBPrescTable
 .rodata.APBPrescTable
                0x0000000008007480        0x8 ./Core/Src/system_stm32l4xx.o
                0x0000000008007480                APBPrescTable
 .rodata.MSIRangeTable
                0x0000000008007488       0x30 ./Core/Src/system_stm32l4xx.o
                0x0000000008007488                MSIRangeTable
 .rodata.__ieee754_pow.str1.1
                0x00000000080074b8        0x1 c:/st/stm32cubeide_1.8.0/stm32cubeide/plugins/com.st.stm32cube.ide.mcu.externaltools.gnu-tools-for-stm32.9-2020-q2-update.win32_2.0.0.202105311346/tools/bin/../lib/gcc/arm-none-eabi/9.3.1/../../../../arm-none-eabi/lib/thumb/v7e-m+fp/hard\libm.a(lib_a-e_pow.o)
 *fill*         0x00000000080074b9        0x7 
 .rodata.bp     0x00000000080074c0       0x10 c:/st/stm32cubeide_1.8.0/stm32cubeide/plugins/com.st.stm32cube.ide.mcu.externaltools.gnu-tools-for-stm32.9-2020-q2-update.win32_2.0.0.202105311346/tools/bin/../lib/gcc/arm-none-eabi/9.3.1/../../../../arm-none-eabi/lib/thumb/v7e-m+fp/hard\libm.a(lib_a-e_pow.o)
 .rodata.dp_h   0x00000000080074d0       0x10 c:/st/stm32cubeide_1.8.0/stm32cubeide/plugins/com.st.stm32cube.ide.mcu.externaltools.gnu-tools-for-stm32.9-2020-q2-update.win32_2.0.0.202105311346/tools/bin/../lib/gcc/arm-none-eabi/9.3.1/../../../../arm-none-eabi/lib/thumb/v7e-m+fp/hard\libm.a(lib_a-e_pow.o)
 .rodata.dp_l   0x00000000080074e0       0x10 c:/st/stm32cubeide_1.8.0/stm32cubeide/plugins/com.st.stm32cube.ide.mcu.externaltools.gnu-tools-for-stm32.9-2020-q2-update.win32_2.0.0.202105311346/tools/bin/../lib/gcc/arm-none-eabi/9.3.1/../../../../arm-none-eabi/lib/thumb/v7e-m+fp/hard\libm.a(lib_a-e_pow.o)
 .rodata.TWO52  0x00000000080074f0       0x10 c:/st/stm32cubeide_1.8.0/stm32cubeide/plugins/com.st.stm32cube.ide.mcu.externaltools.gnu-tools-for-stm32.9-2020-q2-update.win32_2.0.0.202105311346/tools/bin/../lib/gcc/arm-none-eabi/9.3.1/../../../../arm-none-eabi/lib/thumb/v7e-m+fp/hard\libm.a(lib_a-s_rint.o)
                0x0000000008007500                . = ALIGN (0x4)

.ARM.extab      0x0000000008007500        0x0
                0x0000000008007500                . = ALIGN (0x4)
 *(.ARM.extab* .gnu.linkonce.armextab.*)
                0x0000000008007500                . = ALIGN (0x4)

.ARM            0x0000000008007500        0x8
                0x0000000008007500                . = ALIGN (0x4)
                0x0000000008007500                __exidx_start = .
 *(.ARM.exidx*)
 .ARM.exidx     0x0000000008007500        0x8 c:/st/stm32cubeide_1.8.0/stm32cubeide/plugins/com.st.stm32cube.ide.mcu.externaltools.gnu-tools-for-stm32.9-2020-q2-update.win32_2.0.0.202105311346/tools/bin/../lib/gcc/arm-none-eabi/9.3.1/thumb/v7e-m+fp/hard\libgcc.a(_udivmoddi4.o)
                0x0000000008007508                __exidx_end = .
                0x0000000008007508                . = ALIGN (0x4)

.rel.dyn        0x0000000008007508        0x0
 .rel.iplt      0x0000000008007508        0x0 c:/st/stm32cubeide_1.8.0/stm32cubeide/plugins/com.st.stm32cube.ide.mcu.externaltools.gnu-tools-for-stm32.9-2020-q2-update.win32_2.0.0.202105311346/tools/bin/../lib/gcc/arm-none-eabi/9.3.1/thumb/v7e-m+fp/hard/crtbegin.o

.preinit_array  0x0000000008007508        0x0
                0x0000000008007508                . = ALIGN (0x4)
                0x0000000008007508                PROVIDE (__preinit_array_start = .)
 *(.preinit_array*)
                0x0000000008007508                PROVIDE (__preinit_array_end = .)
                0x0000000008007508                . = ALIGN (0x4)

.init_array     0x0000000008007508        0x4
                0x0000000008007508                . = ALIGN (0x4)
                0x0000000008007508                PROVIDE (__init_array_start = .)
 *(SORT_BY_NAME(.init_array.*))
 *(.init_array*)
 .init_array    0x0000000008007508        0x4 c:/st/stm32cubeide_1.8.0/stm32cubeide/plugins/com.st.stm32cube.ide.mcu.externaltools.gnu-tools-for-stm32.9-2020-q2-update.win32_2.0.0.202105311346/tools/bin/../lib/gcc/arm-none-eabi/9.3.1/thumb/v7e-m+fp/hard/crtbegin.o
                0x000000000800750c                PROVIDE (__init_array_end = .)
                0x000000000800750c                . = ALIGN (0x4)

.fini_array     0x000000000800750c        0x4
                0x000000000800750c                . = ALIGN (0x4)
                [!provide]                        PROVIDE (__fini_array_start = .)
 *(SORT_BY_NAME(.fini_array.*))
 *(.fini_array*)
 .fini_array    0x000000000800750c        0x4 c:/st/stm32cubeide_1.8.0/stm32cubeide/plugins/com.st.stm32cube.ide.mcu.externaltools.gnu-tools-for-stm32.9-2020-q2-update.win32_2.0.0.202105311346/tools/bin/../lib/gcc/arm-none-eabi/9.3.1/thumb/v7e-m+fp/hard/crtbegin.o
                [!provide]                        PROVIDE (__fini_array_end = .)
                0x0000000008007510                . = ALIGN (0x4)
                0x0000000008007510                _sidata = LOADADDR (.data)

.data           0x0000000020000000       0x74 load address 0x0000000008007510
                0x0000000020000000                . = ALIGN (0x4)
                0x0000000020000000                _sdata = .
 *(.data)
 *(.data*)
 .data.SystemCoreClock
                0x0000000020000000        0x4 ./Core/Src/system_stm32l4xx.o
                0x0000000020000000                SystemCoreClock
 .data.uwTickPrio
                0x0000000020000004        0x4 ./Drivers/STM32L4xx_HAL_Driver/Src/stm32l4xx_hal.o
                0x0000000020000004                uwTickPrio
 .data.uwTickFreq
                0x0000000020000008        0x1 ./Drivers/STM32L4xx_HAL_Driver/Src/stm32l4xx_hal.o
                0x0000000020000008                uwTickFreq
 *fill*         0x0000000020000009        0x3 
 .data._impure_ptr
                0x000000002000000c        0x4 c:/st/stm32cubeide_1.8.0/stm32cubeide/plugins/com.st.stm32cube.ide.mcu.externaltools.gnu-tools-for-stm32.9-2020-q2-update.win32_2.0.0.202105311346/tools/bin/../lib/gcc/arm-none-eabi/9.3.1/../../../../arm-none-eabi/lib/thumb/v7e-m+fp/hard\libc_nano.a(lib_a-impure.o)
                0x000000002000000c                _impure_ptr
 .data.impure_data
                0x0000000020000010       0x60 c:/st/stm32cubeide_1.8.0/stm32cubeide/plugins/com.st.stm32cube.ide.mcu.externaltools.gnu-tools-for-stm32.9-2020-q2-update.win32_2.0.0.202105311346/tools/bin/../lib/gcc/arm-none-eabi/9.3.1/../../../../arm-none-eabi/lib/thumb/v7e-m+fp/hard\libc_nano.a(lib_a-impure.o)
 .data.__fdlib_version
                0x0000000020000070        0x1 c:/st/stm32cubeide_1.8.0/stm32cubeide/plugins/com.st.stm32cube.ide.mcu.externaltools.gnu-tools-for-stm32.9-2020-q2-update.win32_2.0.0.202105311346/tools/bin/../lib/gcc/arm-none-eabi/9.3.1/../../../../arm-none-eabi/lib/thumb/v7e-m+fp/hard\libm.a(lib_a-s_lib_ver.o)
                0x0000000020000070                __fdlib_version
 *(.RamFunc)
 *(.RamFunc*)
                0x0000000020000074                . = ALIGN (0x4)
 *fill*         0x0000000020000071        0x3 
                0x0000000020000074                _edata = .

.igot.plt       0x0000000020000074        0x0 load address 0x0000000008007584
 .igot.plt      0x0000000020000074        0x0 c:/st/stm32cubeide_1.8.0/stm32cubeide/plugins/com.st.stm32cube.ide.mcu.externaltools.gnu-tools-for-stm32.9-2020-q2-update.win32_2.0.0.202105311346/tools/bin/../lib/gcc/arm-none-eabi/9.3.1/thumb/v7e-m+fp/hard/crtbegin.o
                0x0000000020000074                . = ALIGN (0x4)

.bss            0x0000000020000074      0x2a8 load address 0x0000000008007584
                0x0000000020000074                _sbss = .
                0x0000000020000074                __bss_start__ = _sbss
 *(.bss)
 .bss           0x0000000020000074       0x1c c:/st/stm32cubeide_1.8.0/stm32cubeide/plugins/com.st.stm32cube.ide.mcu.externaltools.gnu-tools-for-stm32.9-2020-q2-update.win32_2.0.0.202105311346/tools/bin/../lib/gcc/arm-none-eabi/9.3.1/thumb/v7e-m+fp/hard/crtbegin.o
 *(.bss*)
 .bss.Temperature
                0x0000000020000090        0x4 ./Core/Src/main.o
                0x0000000020000090                Temperature
 .bss.Humidite  0x0000000020000094        0x4 ./Core/Src/main.o
                0x0000000020000094                Humidite
 .bss.RH        0x0000000020000098        0x2 ./Core/Src/main.o
                0x0000000020000098                RH
 .bss.TEMP      0x000000002000009a        0x2 ./Core/Src/main.o
                0x000000002000009a                TEMP
 .bss.ok        0x000000002000009c        0x3 ./Core/Src/main.o
 *(COMMON)
 *fill*         0x000000002000009f        0x1 
 COMMON         0x00000000200000a0       0x4c ./Core/Src/TMP_i2c.o
                0x00000000200000a0                hi2c_tmp
 COMMON         0x00000000200000ec       0x4c ./Core/Src/i2c.o
                0x00000000200000ec                hi2c1
 COMMON         0x0000000020000138        0x5 ./Core/Src/main.o
                0x0000000020000138                dataT2
                0x0000000020000139                dataH1
                0x000000002000013a                dataT1
                0x000000002000013b                SUM
                0x000000002000013c                dataH2
 *fill*         0x000000002000013d        0x3 
 COMMON         0x0000000020000140       0x84 ./Core/Src/outils.o
                0x0000000020000140                huart1
 COMMON         0x00000000200001c4       0x4c ./Core/Src/tim.o
                0x00000000200001c4                htim2
 COMMON         0x0000000020000210      0x108 ./Core/Src/usart.o
                0x0000000020000210                huart4
                0x0000000020000294                huart2
 COMMON         0x0000000020000318        0x4 ./Drivers/STM32L4xx_HAL_Driver/Src/stm32l4xx_hal.o
                0x0000000020000318                uwTick
                0x000000002000031c                . = ALIGN (0x4)
                0x000000002000031c                _ebss = .
                0x000000002000031c                __bss_end__ = _ebss

._user_heap_stack
                0x000000002000031c      0x604 load address 0x0000000008007584
                0x0000000020000320                . = ALIGN (0x8)
 *fill*         0x000000002000031c        0x4 
                [!provide]                        PROVIDE (end = .)
                0x0000000020000320                PROVIDE (_end = .)
                0x0000000020000520                . = (. + _Min_Heap_Size)
 *fill*         0x0000000020000320      0x200 
                0x0000000020000920                . = (. + _Min_Stack_Size)
 *fill*         0x0000000020000520      0x400 
                0x0000000020000920                . = ALIGN (0x8)

/DISCARD/
 libc.a(*)
 libm.a(*)
 libgcc.a(*)

.ARM.attributes
                0x0000000000000000       0x30
 *(.ARM.attributes)
 .ARM.attributes
                0x0000000000000000       0x1e c:/st/stm32cubeide_1.8.0/stm32cubeide/plugins/com.st.stm32cube.ide.mcu.externaltools.gnu-tools-for-stm32.9-2020-q2-update.win32_2.0.0.202105311346/tools/bin/../lib/gcc/arm-none-eabi/9.3.1/thumb/v7e-m+fp/hard/crti.o
 .ARM.attributes
                0x000000000000001e       0x34 c:/st/stm32cubeide_1.8.0/stm32cubeide/plugins/com.st.stm32cube.ide.mcu.externaltools.gnu-tools-for-stm32.9-2020-q2-update.win32_2.0.0.202105311346/tools/bin/../lib/gcc/arm-none-eabi/9.3.1/thumb/v7e-m+fp/hard/crtbegin.o
 .ARM.attributes
                0x0000000000000052       0x34 ./Core/Src/HT.o
 .ARM.attributes
                0x0000000000000086       0x34 ./Core/Src/LCD.o
 .ARM.attributes
                0x00000000000000ba       0x34 ./Core/Src/TMP_i2c.o
 .ARM.attributes
                0x00000000000000ee       0x34 ./Core/Src/caracter.o
 .ARM.attributes
                0x0000000000000122       0x34 ./Core/Src/gpio.o
 .ARM.attributes
                0x0000000000000156       0x34 ./Core/Src/i2c.o
 .ARM.attributes
                0x000000000000018a       0x34 ./Core/Src/main.o
 .ARM.attributes
                0x00000000000001be       0x34 ./Core/Src/outils.o
 .ARM.attributes
                0x00000000000001f2       0x34 ./Core/Src/stm32l4xx_hal_msp.o
 .ARM.attributes
                0x0000000000000226       0x34 ./Core/Src/stm32l4xx_it.o
 .ARM.attributes
                0x000000000000025a       0x34 ./Core/Src/system_stm32l4xx.o
 .ARM.attributes
                0x000000000000028e       0x34 ./Core/Src/tim.o
 .ARM.attributes
                0x00000000000002c2       0x34 ./Core/Src/timer.o
 .ARM.attributes
                0x00000000000002f6       0x34 ./Core/Src/usart.o
 .ARM.attributes
                0x000000000000032a       0x21 ./Core/Startup/startup_stm32l476rgtx.o
 .ARM.attributes
                0x000000000000034b       0x34 ./Drivers/STM32L4xx_HAL_Driver/Src/stm32l4xx_hal.o
 .ARM.attributes
                0x000000000000037f       0x34 ./Drivers/STM32L4xx_HAL_Driver/Src/stm32l4xx_hal_cortex.o
 .ARM.attributes
                0x00000000000003b3       0x34 ./Drivers/STM32L4xx_HAL_Driver/Src/stm32l4xx_hal_dma.o
 .ARM.attributes
                0x00000000000003e7       0x34 ./Drivers/STM32L4xx_HAL_Driver/Src/stm32l4xx_hal_gpio.o
 .ARM.attributes
                0x000000000000041b       0x34 ./Drivers/STM32L4xx_HAL_Driver/Src/stm32l4xx_hal_i2c.o
 .ARM.attributes
                0x000000000000044f       0x34 ./Drivers/STM32L4xx_HAL_Driver/Src/stm32l4xx_hal_i2c_ex.o
 .ARM.attributes
                0x0000000000000483       0x34 ./Drivers/STM32L4xx_HAL_Driver/Src/stm32l4xx_hal_pwr_ex.o
 .ARM.attributes
                0x00000000000004b7       0x34 ./Drivers/STM32L4xx_HAL_Driver/Src/stm32l4xx_hal_rcc.o
 .ARM.attributes
                0x00000000000004eb       0x34 ./Drivers/STM32L4xx_HAL_Driver/Src/stm32l4xx_hal_rcc_ex.o
 .ARM.attributes
                0x000000000000051f       0x34 ./Drivers/STM32L4xx_HAL_Driver/Src/stm32l4xx_hal_tim.o
 .ARM.attributes
                0x0000000000000553       0x34 ./Drivers/STM32L4xx_HAL_Driver/Src/stm32l4xx_hal_tim_ex.o
 .ARM.attributes
                0x0000000000000587       0x34 ./Drivers/STM32L4xx_HAL_Driver/Src/stm32l4xx_hal_uart.o
 .ARM.attributes
                0x00000000000005bb       0x34 ./Drivers/STM32L4xx_HAL_Driver/Src/stm32l4xx_hal_uart_ex.o
 .ARM.attributes
                0x00000000000005ef       0x34 c:/st/stm32cubeide_1.8.0/stm32cubeide/plugins/com.st.stm32cube.ide.mcu.externaltools.gnu-tools-for-stm32.9-2020-q2-update.win32_2.0.0.202105311346/tools/bin/../lib/gcc/arm-none-eabi/9.3.1/../../../../arm-none-eabi/lib/thumb/v7e-m+fp/hard\libc_nano.a(lib_a-errno.o)
 .ARM.attributes
                0x0000000000000623       0x32 c:/st/stm32cubeide_1.8.0/stm32cubeide/plugins/com.st.stm32cube.ide.mcu.externaltools.gnu-tools-for-stm32.9-2020-q2-update.win32_2.0.0.202105311346/tools/bin/../lib/gcc/arm-none-eabi/9.3.1/../../../../arm-none-eabi/lib/thumb/v7e-m+fp/hard\libc_nano.a(lib_a-impure.o)
 .ARM.attributes
                0x0000000000000655       0x34 c:/st/stm32cubeide_1.8.0/stm32cubeide/plugins/com.st.stm32cube.ide.mcu.externaltools.gnu-tools-for-stm32.9-2020-q2-update.win32_2.0.0.202105311346/tools/bin/../lib/gcc/arm-none-eabi/9.3.1/../../../../arm-none-eabi/lib/thumb/v7e-m+fp/hard\libc_nano.a(lib_a-init.o)
 .ARM.attributes
                0x0000000000000689       0x34 c:/st/stm32cubeide_1.8.0/stm32cubeide/plugins/com.st.stm32cube.ide.mcu.externaltools.gnu-tools-for-stm32.9-2020-q2-update.win32_2.0.0.202105311346/tools/bin/../lib/gcc/arm-none-eabi/9.3.1/../../../../arm-none-eabi/lib/thumb/v7e-m+fp/hard\libc_nano.a(lib_a-memcpy-stub.o)
 .ARM.attributes
                0x00000000000006bd       0x34 c:/st/stm32cubeide_1.8.0/stm32cubeide/plugins/com.st.stm32cube.ide.mcu.externaltools.gnu-tools-for-stm32.9-2020-q2-update.win32_2.0.0.202105311346/tools/bin/../lib/gcc/arm-none-eabi/9.3.1/../../../../arm-none-eabi/lib/thumb/v7e-m+fp/hard\libc_nano.a(lib_a-memset.o)
 .ARM.attributes
                0x00000000000006f1       0x34 c:/st/stm32cubeide_1.8.0/stm32cubeide/plugins/com.st.stm32cube.ide.mcu.externaltools.gnu-tools-for-stm32.9-2020-q2-update.win32_2.0.0.202105311346/tools/bin/../lib/gcc/arm-none-eabi/9.3.1/../../../../arm-none-eabi/lib/thumb/v7e-m+fp/hard\libm.a(lib_a-w_pow.o)
 .ARM.attributes
                0x0000000000000725       0x34 c:/st/stm32cubeide_1.8.0/stm32cubeide/plugins/com.st.stm32cube.ide.mcu.externaltools.gnu-tools-for-stm32.9-2020-q2-update.win32_2.0.0.202105311346/tools/bin/../lib/gcc/arm-none-eabi/9.3.1/../../../../arm-none-eabi/lib/thumb/v7e-m+fp/hard\libm.a(lib_a-e_pow.o)
 .ARM.attributes
                0x0000000000000759       0x34 c:/st/stm32cubeide_1.8.0/stm32cubeide/plugins/com.st.stm32cube.ide.mcu.externaltools.gnu-tools-for-stm32.9-2020-q2-update.win32_2.0.0.202105311346/tools/bin/../lib/gcc/arm-none-eabi/9.3.1/../../../../arm-none-eabi/lib/thumb/v7e-m+fp/hard\libm.a(lib_a-e_sqrt.o)
 .ARM.attributes
                0x000000000000078d       0x34 c:/st/stm32cubeide_1.8.0/stm32cubeide/plugins/com.st.stm32cube.ide.mcu.externaltools.gnu-tools-for-stm32.9-2020-q2-update.win32_2.0.0.202105311346/tools/bin/../lib/gcc/arm-none-eabi/9.3.1/../../../../arm-none-eabi/lib/thumb/v7e-m+fp/hard\libm.a(lib_a-s_fabs.o)
 .ARM.attributes
                0x00000000000007c1       0x34 c:/st/stm32cubeide_1.8.0/stm32cubeide/plugins/com.st.stm32cube.ide.mcu.externaltools.gnu-tools-for-stm32.9-2020-q2-update.win32_2.0.0.202105311346/tools/bin/../lib/gcc/arm-none-eabi/9.3.1/../../../../arm-none-eabi/lib/thumb/v7e-m+fp/hard\libm.a(lib_a-s_finite.o)
 .ARM.attributes
                0x00000000000007f5       0x32 c:/st/stm32cubeide_1.8.0/stm32cubeide/plugins/com.st.stm32cube.ide.mcu.externaltools.gnu-tools-for-stm32.9-2020-q2-update.win32_2.0.0.202105311346/tools/bin/../lib/gcc/arm-none-eabi/9.3.1/../../../../arm-none-eabi/lib/thumb/v7e-m+fp/hard\libm.a(lib_a-s_lib_ver.o)
 .ARM.attributes
                0x0000000000000827       0x34 c:/st/stm32cubeide_1.8.0/stm32cubeide/plugins/com.st.stm32cube.ide.mcu.externaltools.gnu-tools-for-stm32.9-2020-q2-update.win32_2.0.0.202105311346/tools/bin/../lib/gcc/arm-none-eabi/9.3.1/../../../../arm-none-eabi/lib/thumb/v7e-m+fp/hard\libm.a(lib_a-s_nan.o)
 .ARM.attributes
                0x000000000000085b       0x34 c:/st/stm32cubeide_1.8.0/stm32cubeide/plugins/com.st.stm32cube.ide.mcu.externaltools.gnu-tools-for-stm32.9-2020-q2-update.win32_2.0.0.202105311346/tools/bin/../lib/gcc/arm-none-eabi/9.3.1/../../../../arm-none-eabi/lib/thumb/v7e-m+fp/hard\libm.a(lib_a-s_rint.o)
 .ARM.attributes
                0x000000000000088f       0x34 c:/st/stm32cubeide_1.8.0/stm32cubeide/plugins/com.st.stm32cube.ide.mcu.externaltools.gnu-tools-for-stm32.9-2020-q2-update.win32_2.0.0.202105311346/tools/bin/../lib/gcc/arm-none-eabi/9.3.1/../../../../arm-none-eabi/lib/thumb/v7e-m+fp/hard\libm.a(lib_a-s_scalbn.o)
 .ARM.attributes
                0x00000000000008c3       0x1e c:/st/stm32cubeide_1.8.0/stm32cubeide/plugins/com.st.stm32cube.ide.mcu.externaltools.gnu-tools-for-stm32.9-2020-q2-update.win32_2.0.0.202105311346/tools/bin/../lib/gcc/arm-none-eabi/9.3.1/thumb/v7e-m+fp/hard\libgcc.a(_arm_addsubdf3.o)
 .ARM.attributes
                0x00000000000008e1       0x1e c:/st/stm32cubeide_1.8.0/stm32cubeide/plugins/com.st.stm32cube.ide.mcu.externaltools.gnu-tools-for-stm32.9-2020-q2-update.win32_2.0.0.202105311346/tools/bin/../lib/gcc/arm-none-eabi/9.3.1/thumb/v7e-m+fp/hard\libgcc.a(_arm_muldivdf3.o)
 .ARM.attributes
                0x00000000000008ff       0x1e c:/st/stm32cubeide_1.8.0/stm32cubeide/plugins/com.st.stm32cube.ide.mcu.externaltools.gnu-tools-for-stm32.9-2020-q2-update.win32_2.0.0.202105311346/tools/bin/../lib/gcc/arm-none-eabi/9.3.1/thumb/v7e-m+fp/hard\libgcc.a(_arm_cmpdf2.o)
 .ARM.attributes
                0x000000000000091d       0x1e c:/st/stm32cubeide_1.8.0/stm32cubeide/plugins/com.st.stm32cube.ide.mcu.externaltools.gnu-tools-for-stm32.9-2020-q2-update.win32_2.0.0.202105311346/tools/bin/../lib/gcc/arm-none-eabi/9.3.1/thumb/v7e-m+fp/hard\libgcc.a(_arm_unorddf2.o)
 .ARM.attributes
                0x000000000000093b       0x1e c:/st/stm32cubeide_1.8.0/stm32cubeide/plugins/com.st.stm32cube.ide.mcu.externaltools.gnu-tools-for-stm32.9-2020-q2-update.win32_2.0.0.202105311346/tools/bin/../lib/gcc/arm-none-eabi/9.3.1/thumb/v7e-m+fp/hard\libgcc.a(_arm_truncdfsf2.o)
 .ARM.attributes
                0x0000000000000959       0x1e c:/st/stm32cubeide_1.8.0/stm32cubeide/plugins/com.st.stm32cube.ide.mcu.externaltools.gnu-tools-for-stm32.9-2020-q2-update.win32_2.0.0.202105311346/tools/bin/../lib/gcc/arm-none-eabi/9.3.1/thumb/v7e-m+fp/hard\libgcc.a(_aeabi_uldivmod.o)
 .ARM.attributes
                0x0000000000000977       0x34 c:/st/stm32cubeide_1.8.0/stm32cubeide/plugins/com.st.stm32cube.ide.mcu.externaltools.gnu-tools-for-stm32.9-2020-q2-update.win32_2.0.0.202105311346/tools/bin/../lib/gcc/arm-none-eabi/9.3.1/thumb/v7e-m+fp/hard\libgcc.a(_udivmoddi4.o)
 .ARM.attributes
                0x00000000000009ab       0x1e c:/st/stm32cubeide_1.8.0/stm32cubeide/plugins/com.st.stm32cube.ide.mcu.externaltools.gnu-tools-for-stm32.9-2020-q2-update.win32_2.0.0.202105311346/tools/bin/../lib/gcc/arm-none-eabi/9.3.1/thumb/v7e-m+fp/hard\libgcc.a(_dvmd_tls.o)
 .ARM.attributes
                0x00000000000009c9       0x1e c:/st/stm32cubeide_1.8.0/stm32cubeide/plugins/com.st.stm32cube.ide.mcu.externaltools.gnu-tools-for-stm32.9-2020-q2-update.win32_2.0.0.202105311346/tools/bin/../lib/gcc/arm-none-eabi/9.3.1/thumb/v7e-m+fp/hard/crtn.o
OUTPUT(LCD.elf elf32-littlearm)
LOAD linker stubs
LOAD c:/st/stm32cubeide_1.8.0/stm32cubeide/plugins/com.st.stm32cube.ide.mcu.externaltools.gnu-tools-for-stm32.9-2020-q2-update.win32_2.0.0.202105311346/tools/bin/../lib/gcc/arm-none-eabi/9.3.1/../../../../arm-none-eabi/lib/thumb/v7e-m+fp/hard\libc.a
LOAD c:/st/stm32cubeide_1.8.0/stm32cubeide/plugins/com.st.stm32cube.ide.mcu.externaltools.gnu-tools-for-stm32.9-2020-q2-update.win32_2.0.0.202105311346/tools/bin/../lib/gcc/arm-none-eabi/9.3.1/../../../../arm-none-eabi/lib/thumb/v7e-m+fp/hard\libm.a
LOAD c:/st/stm32cubeide_1.8.0/stm32cubeide/plugins/com.st.stm32cube.ide.mcu.externaltools.gnu-tools-for-stm32.9-2020-q2-update.win32_2.0.0.202105311346/tools/bin/../lib/gcc/arm-none-eabi/9.3.1/thumb/v7e-m+fp/hard\libgcc.a

.debug_info     0x0000000000000000    0x1d144
 .debug_info    0x0000000000000000      0x6a5 ./Core/Src/HT.o
 .debug_info    0x00000000000006a5      0xea6 ./Core/Src/LCD.o
 .debug_info    0x000000000000154b      0x940 ./Core/Src/TMP_i2c.o
 .debug_info    0x0000000000001e8b     0x12b3 ./Core/Src/caracter.o
 .debug_info    0x000000000000313e      0x6df ./Core/Src/gpio.o
 .debug_info    0x000000000000381d      0xe4b ./Core/Src/i2c.o
 .debug_info    0x0000000000004668     0x1ec1 ./Core/Src/main.o
 .debug_info    0x0000000000006529     0x1318 ./Core/Src/outils.o
 .debug_info    0x0000000000007841      0x545 ./Core/Src/stm32l4xx_hal_msp.o
 .debug_info    0x0000000000007d86      0x928 ./Core/Src/stm32l4xx_it.o
 .debug_info    0x00000000000086ae      0x772 ./Core/Src/system_stm32l4xx.o
 .debug_info    0x0000000000008e20      0xc27 ./Core/Src/tim.o
 .debug_info    0x0000000000009a47      0x4a6 ./Core/Src/timer.o
 .debug_info    0x0000000000009eed     0x11c1 ./Core/Src/usart.o
 .debug_info    0x000000000000b0ae       0x22 ./Core/Startup/startup_stm32l476rgtx.o
 .debug_info    0x000000000000b0d0      0xddb ./Drivers/STM32L4xx_HAL_Driver/Src/stm32l4xx_hal.o
 .debug_info    0x000000000000beab     0x102e ./Drivers/STM32L4xx_HAL_Driver/Src/stm32l4xx_hal_cortex.o
 .debug_info    0x000000000000ced9      0x973 ./Drivers/STM32L4xx_HAL_Driver/Src/stm32l4xx_hal_dma.o
 .debug_info    0x000000000000d84c      0xa5e ./Drivers/STM32L4xx_HAL_Driver/Src/stm32l4xx_hal_gpio.o
 .debug_info    0x000000000000e2aa     0x236d ./Drivers/STM32L4xx_HAL_Driver/Src/stm32l4xx_hal_i2c.o
 .debug_info    0x0000000000010617      0xc29 ./Drivers/STM32L4xx_HAL_Driver/Src/stm32l4xx_hal_i2c_ex.o
 .debug_info    0x0000000000011240      0xc00 ./Drivers/STM32L4xx_HAL_Driver/Src/stm32l4xx_hal_pwr_ex.o
 .debug_info    0x0000000000011e40      0xe37 ./Drivers/STM32L4xx_HAL_Driver/Src/stm32l4xx_hal_rcc.o
 .debug_info    0x0000000000012c77     0x103f ./Drivers/STM32L4xx_HAL_Driver/Src/stm32l4xx_hal_rcc_ex.o
 .debug_info    0x0000000000013cb6     0x2e4a ./Drivers/STM32L4xx_HAL_Driver/Src/stm32l4xx_hal_tim.o
 .debug_info    0x0000000000016b00     0x18a3 ./Drivers/STM32L4xx_HAL_Driver/Src/stm32l4xx_hal_tim_ex.o
 .debug_info    0x00000000000183a3     0x3e4b ./Drivers/STM32L4xx_HAL_Driver/Src/stm32l4xx_hal_uart.o
 .debug_info    0x000000000001c1ee      0xf56 ./Drivers/STM32L4xx_HAL_Driver/Src/stm32l4xx_hal_uart_ex.o

.debug_abbrev   0x0000000000000000     0x36ef
 .debug_abbrev  0x0000000000000000      0x190 ./Core/Src/HT.o
 .debug_abbrev  0x0000000000000190      0x1b4 ./Core/Src/LCD.o
 .debug_abbrev  0x0000000000000344      0x1b6 ./Core/Src/TMP_i2c.o
 .debug_abbrev  0x00000000000004fa      0x275 ./Core/Src/caracter.o
 .debug_abbrev  0x000000000000076f      0x14e ./Core/Src/gpio.o
 .debug_abbrev  0x00000000000008bd      0x1c6 ./Core/Src/i2c.o
 .debug_abbrev  0x0000000000000a83      0x2fa ./Core/Src/main.o
 .debug_abbrev  0x0000000000000d7d      0x274 ./Core/Src/outils.o
 .debug_abbrev  0x0000000000000ff1      0x13d ./Core/Src/stm32l4xx_hal_msp.o
 .debug_abbrev  0x000000000000112e      0x163 ./Core/Src/stm32l4xx_it.o
 .debug_abbrev  0x0000000000001291      0x165 ./Core/Src/system_stm32l4xx.o
 .debug_abbrev  0x00000000000013f6      0x1b2 ./Core/Src/tim.o
 .debug_abbrev  0x00000000000015a8      0x109 ./Core/Src/timer.o
 .debug_abbrev  0x00000000000016b1      0x1c4 ./Core/Src/usart.o
 .debug_abbrev  0x0000000000001875       0x12 ./Core/Startup/startup_stm32l476rgtx.o
 .debug_abbrev  0x0000000000001887      0x227 ./Drivers/STM32L4xx_HAL_Driver/Src/stm32l4xx_hal.o
 .debug_abbrev  0x0000000000001aae      0x33c ./Drivers/STM32L4xx_HAL_Driver/Src/stm32l4xx_hal_cortex.o
 .debug_abbrev  0x0000000000001dea      0x201 ./Drivers/STM32L4xx_HAL_Driver/Src/stm32l4xx_hal_dma.o
 .debug_abbrev  0x0000000000001feb      0x1e8 ./Drivers/STM32L4xx_HAL_Driver/Src/stm32l4xx_hal_gpio.o
 .debug_abbrev  0x00000000000021d3      0x256 ./Drivers/STM32L4xx_HAL_Driver/Src/stm32l4xx_hal_i2c.o
 .debug_abbrev  0x0000000000002429      0x1dd ./Drivers/STM32L4xx_HAL_Driver/Src/stm32l4xx_hal_i2c_ex.o
 .debug_abbrev  0x0000000000002606      0x1f3 ./Drivers/STM32L4xx_HAL_Driver/Src/stm32l4xx_hal_pwr_ex.o
 .debug_abbrev  0x00000000000027f9      0x275 ./Drivers/STM32L4xx_HAL_Driver/Src/stm32l4xx_hal_rcc.o
 .debug_abbrev  0x0000000000002a6e      0x268 ./Drivers/STM32L4xx_HAL_Driver/Src/stm32l4xx_hal_rcc_ex.o
 .debug_abbrev  0x0000000000002cd6      0x25e ./Drivers/STM32L4xx_HAL_Driver/Src/stm32l4xx_hal_tim.o
 .debug_abbrev  0x0000000000002f34      0x266 ./Drivers/STM32L4xx_HAL_Driver/Src/stm32l4xx_hal_tim_ex.o
 .debug_abbrev  0x000000000000319a      0x2b3 ./Drivers/STM32L4xx_HAL_Driver/Src/stm32l4xx_hal_uart.o
 .debug_abbrev  0x000000000000344d      0x2a2 ./Drivers/STM32L4xx_HAL_Driver/Src/stm32l4xx_hal_uart_ex.o

.debug_aranges  0x0000000000000000     0x13c0
 .debug_aranges
                0x0000000000000000       0x38 ./Core/Src/HT.o
 .debug_aranges
                0x0000000000000038       0x50 ./Core/Src/LCD.o
 .debug_aranges
                0x0000000000000088       0x38 ./Core/Src/TMP_i2c.o
 .debug_aranges
                0x00000000000000c0       0x30 ./Core/Src/caracter.o
 .debug_aranges
                0x00000000000000f0       0x20 ./Core/Src/gpio.o
 .debug_aranges
                0x0000000000000110       0x30 ./Core/Src/i2c.o
 .debug_aranges
                0x0000000000000140       0x38 ./Core/Src/main.o
 .debug_aranges
                0x0000000000000178       0x38 ./Core/Src/outils.o
 .debug_aranges
                0x00000000000001b0       0x20 ./Core/Src/stm32l4xx_hal_msp.o
 .debug_aranges
                0x00000000000001d0       0x68 ./Core/Src/stm32l4xx_it.o
 .debug_aranges
                0x0000000000000238       0x28 ./Core/Src/system_stm32l4xx.o
 .debug_aranges
                0x0000000000000260       0x30 ./Core/Src/tim.o
 .debug_aranges
                0x0000000000000290       0x20 ./Core/Src/timer.o
 .debug_aranges
                0x00000000000002b0       0x40 ./Core/Src/usart.o
 .debug_aranges
                0x00000000000002f0       0x28 ./Core/Startup/startup_stm32l476rgtx.o
 .debug_aranges
                0x0000000000000318      0x130 ./Drivers/STM32L4xx_HAL_Driver/Src/stm32l4xx_hal.o
 .debug_aranges
                0x0000000000000448      0x118 ./Drivers/STM32L4xx_HAL_Driver/Src/stm32l4xx_hal_cortex.o
 .debug_aranges
                0x0000000000000560       0x80 ./Drivers/STM32L4xx_HAL_Driver/Src/stm32l4xx_hal_dma.o
 .debug_aranges
                0x00000000000005e0       0x58 ./Drivers/STM32L4xx_HAL_Driver/Src/stm32l4xx_hal_gpio.o
 .debug_aranges
                0x0000000000000638      0x290 ./Drivers/STM32L4xx_HAL_Driver/Src/stm32l4xx_hal_i2c.o
 .debug_aranges
                0x00000000000008c8       0x48 ./Drivers/STM32L4xx_HAL_Driver/Src/stm32l4xx_hal_i2c_ex.o
 .debug_aranges
                0x0000000000000910      0x160 ./Drivers/STM32L4xx_HAL_Driver/Src/stm32l4xx_hal_pwr_ex.o
 .debug_aranges
                0x0000000000000a70       0x90 ./Drivers/STM32L4xx_HAL_Driver/Src/stm32l4xx_hal_rcc.o
 .debug_aranges
                0x0000000000000b00       0xc0 ./Drivers/STM32L4xx_HAL_Driver/Src/stm32l4xx_hal_rcc_ex.o
 .debug_aranges
                0x0000000000000bc0      0x3e0 ./Drivers/STM32L4xx_HAL_Driver/Src/stm32l4xx_hal_tim.o
 .debug_aranges
                0x0000000000000fa0      0x180 ./Drivers/STM32L4xx_HAL_Driver/Src/stm32l4xx_hal_tim_ex.o
 .debug_aranges
                0x0000000000001120      0x228 ./Drivers/STM32L4xx_HAL_Driver/Src/stm32l4xx_hal_uart.o
 .debug_aranges
                0x0000000000001348       0x78 ./Drivers/STM32L4xx_HAL_Driver/Src/stm32l4xx_hal_uart_ex.o

.debug_ranges   0x0000000000000000     0x1238
 .debug_ranges  0x0000000000000000       0x28 ./Core/Src/HT.o
 .debug_ranges  0x0000000000000028       0x40 ./Core/Src/LCD.o
 .debug_ranges  0x0000000000000068       0x28 ./Core/Src/TMP_i2c.o
 .debug_ranges  0x0000000000000090       0x20 ./Core/Src/caracter.o
 .debug_ranges  0x00000000000000b0       0x10 ./Core/Src/gpio.o
 .debug_ranges  0x00000000000000c0       0x20 ./Core/Src/i2c.o
 .debug_ranges  0x00000000000000e0       0x28 ./Core/Src/main.o
 .debug_ranges  0x0000000000000108       0x28 ./Core/Src/outils.o
 .debug_ranges  0x0000000000000130       0x10 ./Core/Src/stm32l4xx_hal_msp.o
 .debug_ranges  0x0000000000000140       0x58 ./Core/Src/stm32l4xx_it.o
 .debug_ranges  0x0000000000000198       0x18 ./Core/Src/system_stm32l4xx.o
 .debug_ranges  0x00000000000001b0       0x20 ./Core/Src/tim.o
 .debug_ranges  0x00000000000001d0       0x10 ./Core/Src/timer.o
 .debug_ranges  0x00000000000001e0       0x30 ./Core/Src/usart.o
 .debug_ranges  0x0000000000000210       0x20 ./Core/Startup/startup_stm32l476rgtx.o
 .debug_ranges  0x0000000000000230      0x120 ./Drivers/STM32L4xx_HAL_Driver/Src/stm32l4xx_hal.o
 .debug_ranges  0x0000000000000350      0x108 ./Drivers/STM32L4xx_HAL_Driver/Src/stm32l4xx_hal_cortex.o
 .debug_ranges  0x0000000000000458       0x70 ./Drivers/STM32L4xx_HAL_Driver/Src/stm32l4xx_hal_dma.o
 .debug_ranges  0x00000000000004c8       0x48 ./Drivers/STM32L4xx_HAL_Driver/Src/stm32l4xx_hal_gpio.o
 .debug_ranges  0x0000000000000510      0x280 ./Drivers/STM32L4xx_HAL_Driver/Src/stm32l4xx_hal_i2c.o
 .debug_ranges  0x0000000000000790       0x38 ./Drivers/STM32L4xx_HAL_Driver/Src/stm32l4xx_hal_i2c_ex.o
 .debug_ranges  0x00000000000007c8      0x150 ./Drivers/STM32L4xx_HAL_Driver/Src/stm32l4xx_hal_pwr_ex.o
 .debug_ranges  0x0000000000000918       0x80 ./Drivers/STM32L4xx_HAL_Driver/Src/stm32l4xx_hal_rcc.o
 .debug_ranges  0x0000000000000998       0xb0 ./Drivers/STM32L4xx_HAL_Driver/Src/stm32l4xx_hal_rcc_ex.o
 .debug_ranges  0x0000000000000a48      0x3d0 ./Drivers/STM32L4xx_HAL_Driver/Src/stm32l4xx_hal_tim.o
 .debug_ranges  0x0000000000000e18      0x170 ./Drivers/STM32L4xx_HAL_Driver/Src/stm32l4xx_hal_tim_ex.o
 .debug_ranges  0x0000000000000f88      0x248 ./Drivers/STM32L4xx_HAL_Driver/Src/stm32l4xx_hal_uart.o
 .debug_ranges  0x00000000000011d0       0x68 ./Drivers/STM32L4xx_HAL_Driver/Src/stm32l4xx_hal_uart_ex.o

.debug_macro    0x0000000000000000    0x2973c
 .debug_macro   0x0000000000000000      0x1ed ./Core/Src/HT.o
 .debug_macro   0x00000000000001ed      0xaa8 ./Core/Src/HT.o
 .debug_macro   0x0000000000000c95      0x1ad ./Core/Src/HT.o
 .debug_macro   0x0000000000000e42       0x2e ./Core/Src/HT.o
 .debug_macro   0x0000000000000e70       0x28 ./Core/Src/HT.o
 .debug_macro   0x0000000000000e98       0x22 ./Core/Src/HT.o
 .debug_macro   0x0000000000000eba       0x8e ./Core/Src/HT.o
 .debug_macro   0x0000000000000f48       0x51 ./Core/Src/HT.o
 .debug_macro   0x0000000000000f99      0x103 ./Core/Src/HT.o
 .debug_macro   0x000000000000109c       0x6a ./Core/Src/HT.o
 .debug_macro   0x0000000000001106      0x1df ./Core/Src/HT.o
 .debug_macro   0x00000000000012e5       0x1c ./Core/Src/HT.o
 .debug_macro   0x0000000000001301       0x22 ./Core/Src/HT.o
 .debug_macro   0x0000000000001323      0x101 ./Core/Src/HT.o
 .debug_macro   0x0000000000001424     0x1011 ./Core/Src/HT.o
 .debug_macro   0x0000000000002435      0x11f ./Core/Src/HT.o
 .debug_macro   0x0000000000002554    0x1a17a ./Core/Src/HT.o
 .debug_macro   0x000000000001c6ce       0x6d ./Core/Src/HT.o
 .debug_macro   0x000000000001c73b     0x38e2 ./Core/Src/HT.o
 .debug_macro   0x000000000002001d      0x174 ./Core/Src/HT.o
 .debug_macro   0x0000000000020191       0x5c ./Core/Src/HT.o
 .debug_macro   0x00000000000201ed     0x159e ./Core/Src/HT.o
 .debug_macro   0x000000000002178b      0x5a5 ./Core/Src/HT.o
 .debug_macro   0x0000000000021d30      0x1b9 ./Core/Src/HT.o
 .debug_macro   0x0000000000021ee9      0x18b ./Core/Src/HT.o
 .debug_macro   0x0000000000022074      0x26b ./Core/Src/HT.o
 .debug_macro   0x00000000000222df      0x23d ./Core/Src/HT.o
 .debug_macro   0x000000000002251c      0x241 ./Core/Src/HT.o
 .debug_macro   0x000000000002275d      0x37c ./Core/Src/HT.o
 .debug_macro   0x0000000000022ad9       0xd6 ./Core/Src/HT.o
 .debug_macro   0x0000000000022baf      0x22c ./Core/Src/HT.o
 .debug_macro   0x0000000000022ddb       0x61 ./Core/Src/HT.o
 .debug_macro   0x0000000000022e3c       0xa5 ./Core/Src/HT.o
 .debug_macro   0x0000000000022ee1      0x122 ./Core/Src/HT.o
 .debug_macro   0x0000000000023003      0x3ef ./Core/Src/HT.o
 .debug_macro   0x00000000000233f2      0xa75 ./Core/Src/HT.o
 .debug_macro   0x0000000000023e67      0x1e6 ./Core/Src/HT.o
 .debug_macro   0x000000000002404d      0x5ba ./Core/Src/HT.o
 .debug_macro   0x0000000000024607       0x44 ./Core/Src/HT.o
 .debug_macro   0x000000000002464b      0x330 ./Core/Src/HT.o
 .debug_macro   0x000000000002497b      0x209 ./Core/Src/LCD.o
 .debug_macro   0x0000000000024b84       0xf4 ./Core/Src/LCD.o
 .debug_macro   0x0000000000024c78       0x5e ./Core/Src/LCD.o
 .debug_macro   0x0000000000024cd6      0x1ef ./Core/Src/TMP_i2c.o
 .debug_macro   0x0000000000024ec5      0x2ae ./Core/Src/caracter.o
 .debug_macro   0x0000000000025173       0x22 ./Core/Src/caracter.o
 .debug_macro   0x0000000000025195       0x4c ./Core/Src/caracter.o
 .debug_macro   0x00000000000251e1       0x18 ./Core/Src/caracter.o
 .debug_macro   0x00000000000251f9       0x94 ./Core/Src/caracter.o
 .debug_macro   0x000000000002528d       0x3c ./Core/Src/caracter.o
 .debug_macro   0x00000000000252c9       0x34 ./Core/Src/caracter.o
 .debug_macro   0x00000000000252fd       0x16 ./Core/Src/caracter.o
 .debug_macro   0x0000000000025313       0x43 ./Core/Src/caracter.o
 .debug_macro   0x0000000000025356       0x57 ./Core/Src/caracter.o
 .debug_macro   0x00000000000253ad       0x34 ./Core/Src/caracter.o
 .debug_macro   0x00000000000253e1       0x10 ./Core/Src/caracter.o
 .debug_macro   0x00000000000253f1       0x58 ./Core/Src/caracter.o
 .debug_macro   0x0000000000025449       0x71 ./Core/Src/caracter.o
 .debug_macro   0x00000000000254ba       0x1c ./Core/Src/caracter.o
 .debug_macro   0x00000000000254d6      0x12a ./Core/Src/caracter.o
 .debug_macro   0x0000000000025600      0x339 ./Core/Src/caracter.o
 .debug_macro   0x0000000000025939      0x1a9 ./Core/Src/caracter.o
 .debug_macro   0x0000000000025ae2       0xfb ./Core/Src/caracter.o
 .debug_macro   0x0000000000025bdd       0x56 ./Core/Src/caracter.o
 .debug_macro   0x0000000000025c33       0x58 ./Core/Src/caracter.o
 .debug_macro   0x0000000000025c8b      0x1f2 ./Core/Src/gpio.o
 .debug_macro   0x0000000000025e7d      0x1f2 ./Core/Src/i2c.o
 .debug_macro   0x000000000002606f      0x3b8 ./Core/Src/main.o
 .debug_macro   0x0000000000026427       0xfa ./Core/Src/main.o
 .debug_macro   0x0000000000026521       0x52 ./Core/Src/main.o
 .debug_macro   0x0000000000026573      0x333 ./Core/Src/main.o
 .debug_macro   0x00000000000268a6       0x1c ./Core/Src/main.o
 .debug_macro   0x00000000000268c2       0x35 ./Core/Src/main.o
 .debug_macro   0x00000000000268f7       0x10 ./Core/Src/main.o
 .debug_macro   0x0000000000026907       0x10 ./Core/Src/main.o
 .debug_macro   0x0000000000026917       0x1c ./Core/Src/main.o
 .debug_macro   0x0000000000026933       0x52 ./Core/Src/main.o
 .debug_macro   0x0000000000026985       0x22 ./Core/Src/main.o
 .debug_macro   0x00000000000269a7       0x10 ./Core/Src/main.o
 .debug_macro   0x00000000000269b7       0x40 ./Core/Src/main.o
 .debug_macro   0x00000000000269f7       0xd5 ./Core/Src/main.o
 .debug_macro   0x0000000000026acc       0x1c ./Core/Src/main.o
 .debug_macro   0x0000000000026ae8       0x3d ./Core/Src/main.o
 .debug_macro   0x0000000000026b25       0x16 ./Core/Src/main.o
 .debug_macro   0x0000000000026b3b      0x145 ./Core/Src/main.o
 .debug_macro   0x0000000000026c80      0x35e ./Core/Src/outils.o
 .debug_macro   0x0000000000026fde       0x16 ./Core/Src/outils.o
 .debug_macro   0x0000000000026ff4       0x97 ./Core/Src/outils.o
 .debug_macro   0x000000000002708b       0xfd ./Core/Src/outils.o
 .debug_macro   0x0000000000027188       0x4c ./Core/Src/outils.o
 .debug_macro   0x00000000000271d4      0x1e8 ./Core/Src/stm32l4xx_hal_msp.o
 .debug_macro   0x00000000000273bc      0x1f2 ./Core/Src/stm32l4xx_it.o
 .debug_macro   0x00000000000275ae      0x1d9 ./Core/Src/system_stm32l4xx.o
 .debug_macro   0x0000000000027787      0x1f2 ./Core/Src/tim.o
 .debug_macro   0x0000000000027979      0x1e3 ./Core/Src/timer.o
 .debug_macro   0x0000000000027b5c      0x1f2 ./Core/Src/usart.o
 .debug_macro   0x0000000000027d4e      0x227 ./Drivers/STM32L4xx_HAL_Driver/Src/stm32l4xx_hal.o
 .debug_macro   0x0000000000027f75      0x1d9 ./Drivers/STM32L4xx_HAL_Driver/Src/stm32l4xx_hal_cortex.o
 .debug_macro   0x000000000002814e      0x1d9 ./Drivers/STM32L4xx_HAL_Driver/Src/stm32l4xx_hal_dma.o
 .debug_macro   0x0000000000028327      0x1e0 ./Drivers/STM32L4xx_HAL_Driver/Src/stm32l4xx_hal_gpio.o
 .debug_macro   0x0000000000028507      0x2a5 ./Drivers/STM32L4xx_HAL_Driver/Src/stm32l4xx_hal_i2c.o
 .debug_macro   0x00000000000287ac      0x1d9 ./Drivers/STM32L4xx_HAL_Driver/Src/stm32l4xx_hal_i2c_ex.o
 .debug_macro   0x0000000000028985      0x1fd ./Drivers/STM32L4xx_HAL_Driver/Src/stm32l4xx_hal_pwr_ex.o
 .debug_macro   0x0000000000028b82      0x21b ./Drivers/STM32L4xx_HAL_Driver/Src/stm32l4xx_hal_rcc.o
 .debug_macro   0x0000000000028d9d      0x20f ./Drivers/STM32L4xx_HAL_Driver/Src/stm32l4xx_hal_rcc_ex.o
 .debug_macro   0x0000000000028fac      0x1da ./Drivers/STM32L4xx_HAL_Driver/Src/stm32l4xx_hal_tim.o
 .debug_macro   0x0000000000029186      0x1d9 ./Drivers/STM32L4xx_HAL_Driver/Src/stm32l4xx_hal_tim_ex.o
 .debug_macro   0x000000000002935f      0x204 ./Drivers/STM32L4xx_HAL_Driver/Src/stm32l4xx_hal_uart.o
 .debug_macro   0x0000000000029563      0x1d9 ./Drivers/STM32L4xx_HAL_Driver/Src/stm32l4xx_hal_uart_ex.o

.debug_line     0x0000000000000000    0x1a6c4
 .debug_line    0x0000000000000000      0x7f1 ./Core/Src/HT.o
 .debug_line    0x00000000000007f1      0x84e ./Core/Src/LCD.o
 .debug_line    0x000000000000103f      0x787 ./Core/Src/TMP_i2c.o
 .debug_line    0x00000000000017c6      0x90e ./Core/Src/caracter.o
 .debug_line    0x00000000000020d4      0x71c ./Core/Src/gpio.o
 .debug_line    0x00000000000027f0      0x789 ./Core/Src/i2c.o
 .debug_line    0x0000000000002f79      0xb0a ./Core/Src/main.o
 .debug_line    0x0000000000003a83      0x9ed ./Core/Src/outils.o
 .debug_line    0x0000000000004470      0x6f8 ./Core/Src/stm32l4xx_hal_msp.o
 .debug_line    0x0000000000004b68      0x7d3 ./Core/Src/stm32l4xx_it.o
 .debug_line    0x000000000000533b      0x78e ./Core/Src/system_stm32l4xx.o
 .debug_line    0x0000000000005ac9      0x763 ./Core/Src/tim.o
 .debug_line    0x000000000000622c      0x708 ./Core/Src/timer.o
 .debug_line    0x0000000000006934      0x87b ./Core/Src/usart.o
 .debug_line    0x00000000000071af       0x88 ./Core/Startup/startup_stm32l476rgtx.o
 .debug_line    0x0000000000007237      0xae9 ./Drivers/STM32L4xx_HAL_Driver/Src/stm32l4xx_hal.o
 .debug_line    0x0000000000007d20      0xc8f ./Drivers/STM32L4xx_HAL_Driver/Src/stm32l4xx_hal_cortex.o
 .debug_line    0x00000000000089af      0xcc7 ./Drivers/STM32L4xx_HAL_Driver/Src/stm32l4xx_hal_dma.o
 .debug_line    0x0000000000009676      0xb5c ./Drivers/STM32L4xx_HAL_Driver/Src/stm32l4xx_hal_gpio.o
 .debug_line    0x000000000000a1d2     0x3380 ./Drivers/STM32L4xx_HAL_Driver/Src/stm32l4xx_hal_i2c.o
 .debug_line    0x000000000000d552      0x916 ./Drivers/STM32L4xx_HAL_Driver/Src/stm32l4xx_hal_i2c_ex.o
 .debug_line    0x000000000000de68      0xcd4 ./Drivers/STM32L4xx_HAL_Driver/Src/stm32l4xx_hal_pwr_ex.o
 .debug_line    0x000000000000eb3c      0xf4e ./Drivers/STM32L4xx_HAL_Driver/Src/stm32l4xx_hal_rcc.o
 .debug_line    0x000000000000fa8a     0x14a1 ./Drivers/STM32L4xx_HAL_Driver/Src/stm32l4xx_hal_rcc_ex.o
 .debug_line    0x0000000000010f2b     0x3d22 ./Drivers/STM32L4xx_HAL_Driver/Src/stm32l4xx_hal_tim.o
 .debug_line    0x0000000000014c4d     0x1be1 ./Drivers/STM32L4xx_HAL_Driver/Src/stm32l4xx_hal_tim_ex.o
 .debug_line    0x000000000001682e     0x3265 ./Drivers/STM32L4xx_HAL_Driver/Src/stm32l4xx_hal_uart.o
 .debug_line    0x0000000000019a93      0xc31 ./Drivers/STM32L4xx_HAL_Driver/Src/stm32l4xx_hal_uart_ex.o

.debug_str      0x0000000000000000    0xf6931
 .debug_str     0x0000000000000000    0xebccc ./Core/Src/HT.o
                                      0xebfae (size before relaxing)
 .debug_str     0x00000000000ebccc      0xaf5 ./Core/Src/LCD.o
                                      0xec9b4 (size before relaxing)
 .debug_str     0x00000000000ec7c1       0x99 ./Core/Src/TMP_i2c.o
                                      0xec2fe (size before relaxing)
 .debug_str     0x00000000000ec85a     0x39bd ./Core/Src/caracter.o
                                      0xefd7c (size before relaxing)
 .debug_str     0x00000000000f0217      0x13b ./Core/Src/gpio.o
                                      0xec112 (size before relaxing)
 .debug_str     0x00000000000f0352      0x2a5 ./Core/Src/i2c.o
                                      0xec830 (size before relaxing)
 .debug_str     0x00000000000f05f7     0x13c5 ./Core/Src/main.o
                                      0xf18e4 (size before relaxing)
 .debug_str     0x00000000000f19bc      0x153 ./Core/Src/outils.o
                                      0xf05c8 (size before relaxing)
 .debug_str     0x00000000000f1b0f       0x2c ./Core/Src/stm32l4xx_hal_msp.o
                                      0xec070 (size before relaxing)
 .debug_str     0x00000000000f1b3b       0xce ./Core/Src/stm32l4xx_it.o
                                      0xec3ae (size before relaxing)
 .debug_str     0x00000000000f1c09       0xb8 ./Core/Src/system_stm32l4xx.o
                                      0xebfc5 (size before relaxing)
 .debug_str     0x00000000000f1cc1      0x10c ./Core/Src/tim.o
                                      0xec65a (size before relaxing)
 .debug_str     0x00000000000f1dcd       0x4a ./Core/Src/timer.o
                                      0xebed2 (size before relaxing)
 .debug_str     0x00000000000f1e17      0x4b8 ./Core/Src/usart.o
                                      0xecca4 (size before relaxing)
 .debug_str     0x00000000000f22cf       0x59 ./Core/Startup/startup_stm32l476rgtx.o
 .debug_str     0x00000000000f2328      0x610 ./Drivers/STM32L4xx_HAL_Driver/Src/stm32l4xx_hal.o
                                      0xecb30 (size before relaxing)
 .debug_str     0x00000000000f2938      0x383 ./Drivers/STM32L4xx_HAL_Driver/Src/stm32l4xx_hal_cortex.o
                                      0xec834 (size before relaxing)
 .debug_str     0x00000000000f2cbb      0x253 ./Drivers/STM32L4xx_HAL_Driver/Src/stm32l4xx_hal_dma.o
                                      0xec238 (size before relaxing)
 .debug_str     0x00000000000f2f0e      0x158 ./Drivers/STM32L4xx_HAL_Driver/Src/stm32l4xx_hal_gpio.o
                                      0xec18a (size before relaxing)
 .debug_str     0x00000000000f3066      0xd9a ./Drivers/STM32L4xx_HAL_Driver/Src/stm32l4xx_hal_i2c.o
                                      0xed14e (size before relaxing)
 .debug_str     0x00000000000f3e00       0xb8 ./Drivers/STM32L4xx_HAL_Driver/Src/stm32l4xx_hal_i2c_ex.o
                                      0xec4e9 (size before relaxing)
 .debug_str     0x00000000000f3eb8      0x4ef ./Drivers/STM32L4xx_HAL_Driver/Src/stm32l4xx_hal_pwr_ex.o
                                      0xec536 (size before relaxing)
 .debug_str     0x00000000000f43a7      0x360 ./Drivers/STM32L4xx_HAL_Driver/Src/stm32l4xx_hal_rcc.o
                                      0xec5bf (size before relaxing)
 .debug_str     0x00000000000f4707      0x3a6 ./Drivers/STM32L4xx_HAL_Driver/Src/stm32l4xx_hal_rcc_ex.o
                                      0xec733 (size before relaxing)
 .debug_str     0x00000000000f4aad      0xdfc ./Drivers/STM32L4xx_HAL_Driver/Src/stm32l4xx_hal_tim.o
                                      0xed268 (size before relaxing)
 .debug_str     0x00000000000f58a9      0x5fc ./Drivers/STM32L4xx_HAL_Driver/Src/stm32l4xx_hal_tim_ex.o
                                      0xecb3a (size before relaxing)
 .debug_str     0x00000000000f5ea5      0x8af ./Drivers/STM32L4xx_HAL_Driver/Src/stm32l4xx_hal_uart.o
                                      0xecc47 (size before relaxing)
 .debug_str     0x00000000000f6754      0x1dd ./Drivers/STM32L4xx_HAL_Driver/Src/stm32l4xx_hal_uart_ex.o
                                      0xec458 (size before relaxing)

.comment        0x0000000000000000       0x53
 .comment       0x0000000000000000       0x53 ./Core/Src/HT.o
                                         0x54 (size before relaxing)
 .comment       0x0000000000000053       0x54 ./Core/Src/LCD.o
 .comment       0x0000000000000053       0x54 ./Core/Src/TMP_i2c.o
 .comment       0x0000000000000053       0x54 ./Core/Src/caracter.o
 .comment       0x0000000000000053       0x54 ./Core/Src/gpio.o
 .comment       0x0000000000000053       0x54 ./Core/Src/i2c.o
 .comment       0x0000000000000053       0x54 ./Core/Src/main.o
 .comment       0x0000000000000053       0x54 ./Core/Src/outils.o
 .comment       0x0000000000000053       0x54 ./Core/Src/stm32l4xx_hal_msp.o
 .comment       0x0000000000000053       0x54 ./Core/Src/stm32l4xx_it.o
 .comment       0x0000000000000053       0x54 ./Core/Src/system_stm32l4xx.o
 .comment       0x0000000000000053       0x54 ./Core/Src/tim.o
 .comment       0x0000000000000053       0x54 ./Core/Src/timer.o
 .comment       0x0000000000000053       0x54 ./Core/Src/usart.o
 .comment       0x0000000000000053       0x54 ./Drivers/STM32L4xx_HAL_Driver/Src/stm32l4xx_hal.o
 .comment       0x0000000000000053       0x54 ./Drivers/STM32L4xx_HAL_Driver/Src/stm32l4xx_hal_cortex.o
 .comment       0x0000000000000053       0x54 ./Drivers/STM32L4xx_HAL_Driver/Src/stm32l4xx_hal_dma.o
 .comment       0x0000000000000053       0x54 ./Drivers/STM32L4xx_HAL_Driver/Src/stm32l4xx_hal_gpio.o
 .comment       0x0000000000000053       0x54 ./Drivers/STM32L4xx_HAL_Driver/Src/stm32l4xx_hal_i2c.o
 .comment       0x0000000000000053       0x54 ./Drivers/STM32L4xx_HAL_Driver/Src/stm32l4xx_hal_i2c_ex.o
 .comment       0x0000000000000053       0x54 ./Drivers/STM32L4xx_HAL_Driver/Src/stm32l4xx_hal_pwr_ex.o
 .comment       0x0000000000000053       0x54 ./Drivers/STM32L4xx_HAL_Driver/Src/stm32l4xx_hal_rcc.o
 .comment       0x0000000000000053       0x54 ./Drivers/STM32L4xx_HAL_Driver/Src/stm32l4xx_hal_rcc_ex.o
 .comment       0x0000000000000053       0x54 ./Drivers/STM32L4xx_HAL_Driver/Src/stm32l4xx_hal_tim.o
 .comment       0x0000000000000053       0x54 ./Drivers/STM32L4xx_HAL_Driver/Src/stm32l4xx_hal_tim_ex.o
 .comment       0x0000000000000053       0x54 ./Drivers/STM32L4xx_HAL_Driver/Src/stm32l4xx_hal_uart.o
 .comment       0x0000000000000053       0x54 ./Drivers/STM32L4xx_HAL_Driver/Src/stm32l4xx_hal_uart_ex.o

.debug_frame    0x0000000000000000     0x554c
 .debug_frame   0x0000000000000000       0xa0 ./Core/Src/HT.o
 .debug_frame   0x00000000000000a0      0x108 ./Core/Src/LCD.o
 .debug_frame   0x00000000000001a8       0xa4 ./Core/Src/TMP_i2c.o
 .debug_frame   0x000000000000024c       0x84 ./Core/Src/caracter.o
 .debug_frame   0x00000000000002d0       0x34 ./Core/Src/gpio.o
 .debug_frame   0x0000000000000304       0x78 ./Core/Src/i2c.o
 .debug_frame   0x000000000000037c       0x98 ./Core/Src/main.o
 .debug_frame   0x0000000000000414       0xbc ./Core/Src/outils.o
 .debug_frame   0x00000000000004d0       0x38 ./Core/Src/stm32l4xx_hal_msp.o
 .debug_frame   0x0000000000000508      0x120 ./Core/Src/stm32l4xx_it.o
 .debug_frame   0x0000000000000628       0x58 ./Core/Src/system_stm32l4xx.o
 .debug_frame   0x0000000000000680       0x84 ./Core/Src/tim.o
 .debug_frame   0x0000000000000704       0x30 ./Core/Src/timer.o
 .debug_frame   0x0000000000000734       0xb0 ./Core/Src/usart.o
 .debug_frame   0x00000000000007e4      0x498 ./Drivers/STM32L4xx_HAL_Driver/Src/stm32l4xx_hal.o
 .debug_frame   0x0000000000000c7c      0x498 ./Drivers/STM32L4xx_HAL_Driver/Src/stm32l4xx_hal_cortex.o
 .debug_frame   0x0000000000001114      0x204 ./Drivers/STM32L4xx_HAL_Driver/Src/stm32l4xx_hal_dma.o
 .debug_frame   0x0000000000001318      0x14c ./Drivers/STM32L4xx_HAL_Driver/Src/stm32l4xx_hal_gpio.o
 .debug_frame   0x0000000000001464      0xbe8 ./Drivers/STM32L4xx_HAL_Driver/Src/stm32l4xx_hal_i2c.o
 .debug_frame   0x000000000000204c      0x100 ./Drivers/STM32L4xx_HAL_Driver/Src/stm32l4xx_hal_i2c_ex.o
 .debug_frame   0x000000000000214c      0x584 ./Drivers/STM32L4xx_HAL_Driver/Src/stm32l4xx_hal_pwr_ex.o
 .debug_frame   0x00000000000026d0      0x21c ./Drivers/STM32L4xx_HAL_Driver/Src/stm32l4xx_hal_rcc.o
 .debug_frame   0x00000000000028ec      0x2fc ./Drivers/STM32L4xx_HAL_Driver/Src/stm32l4xx_hal_rcc_ex.o
 .debug_frame   0x0000000000002be8     0x121c ./Drivers/STM32L4xx_HAL_Driver/Src/stm32l4xx_hal_tim.o
 .debug_frame   0x0000000000003e04      0x6b0 ./Drivers/STM32L4xx_HAL_Driver/Src/stm32l4xx_hal_tim_ex.o
 .debug_frame   0x00000000000044b4      0x9ec ./Drivers/STM32L4xx_HAL_Driver/Src/stm32l4xx_hal_uart.o
 .debug_frame   0x0000000000004ea0      0x1e0 ./Drivers/STM32L4xx_HAL_Driver/Src/stm32l4xx_hal_uart_ex.o
 .debug_frame   0x0000000000005080       0x20 c:/st/stm32cubeide_1.8.0/stm32cubeide/plugins/com.st.stm32cube.ide.mcu.externaltools.gnu-tools-for-stm32.9-2020-q2-update.win32_2.0.0.202105311346/tools/bin/../lib/gcc/arm-none-eabi/9.3.1/../../../../arm-none-eabi/lib/thumb/v7e-m+fp/hard\libc_nano.a(lib_a-errno.o)
 .debug_frame   0x00000000000050a0       0x2c c:/st/stm32cubeide_1.8.0/stm32cubeide/plugins/com.st.stm32cube.ide.mcu.externaltools.gnu-tools-for-stm32.9-2020-q2-update.win32_2.0.0.202105311346/tools/bin/../lib/gcc/arm-none-eabi/9.3.1/../../../../arm-none-eabi/lib/thumb/v7e-m+fp/hard\libc_nano.a(lib_a-init.o)
 .debug_frame   0x00000000000050cc       0x28 c:/st/stm32cubeide_1.8.0/stm32cubeide/plugins/com.st.stm32cube.ide.mcu.externaltools.gnu-tools-for-stm32.9-2020-q2-update.win32_2.0.0.202105311346/tools/bin/../lib/gcc/arm-none-eabi/9.3.1/../../../../arm-none-eabi/lib/thumb/v7e-m+fp/hard\libc_nano.a(lib_a-memcpy-stub.o)